../Core/Src/lcdtp.c:9:6:Delay	8	static
../Core/Src/lcdtp.c:20:6:LCD_Rst	16	static
../Core/Src/lcdtp.c:29:6:LCD_BackLed_Control	0	static
../Core/Src/lcdtp.c:38:6:LCD_Write_Cmd	0	static
../Core/Src/lcdtp.c:46:6:LCD_Write_Data	0	static
../Core/Src/lcdtp.c:52:10:LCD_Read_Data	0	static
../Core/Src/lcdtp.c:58:6:LCD_REG_Config	40	static
../Core/Src/lcdtp.c:235:6:LCD_OpenWindow	16	static
../Core/Src/lcdtp.c:252:6:LCD_FillColor	0	static
../Core/Src/lcdtp.c:265:6:LCD_Clear	16	static
../Core/Src/lcdtp.c:11:6:LCD_INIT	16	static
../Core/Src/lcdtp.c:274:10:LCD_Read_PixelData	0	static
../Core/Src/lcdtp.c:292:10:LCD_GetPointPixel	8	static
../Core/Src/lcdtp.c:378:6:LCD_DrawChar	16	static
../Core/Src/lcdtp.c:411:6:LCD_DrawString	16	static
../Core/Src/lcdtp.c:446:6:LCD_DrawDot	8	static
../Core/Src/lcdtp.c:306:6:LCD_DrawLine	56	static
../Core/Src/lcdtp.c:437:6:LCD_DrawBox	32	static
../Core/Src/lcdtp.c:454:6:LCD_DrawEllipse	80	static
../Core/Src/lcdtp.c:504:6:LCD_DrawChar_Color	16	static
../Core/Src/lcdtp.c:534:6:LCD_DrawCross	24	static
../Core/Src/lcdtp.c:542:6:LCD_DrawString_Color	32	static
../Core/Src/lcdtp.c:568:6:adaptiveBrightness	0	static
../Core/Src/lcdtp.c:589:6:LCD_GramScan	0	static
