../Core/Src/pcm.c:35:6:initialize_sine_table	32	static
../Core/Src/pcm.c:42:6:highAndLow	48	static
../Core/Src/pcm.c:55:6:distorted	24	static
../Core/Src/pcm.c:75:6:changeI2SFreq	16	static
../Core/Src/pcm.c:92:6:robotizeAudioData	40	static
../Core/Src/pcm.c:102:9:playPCMFileInit	24	static
../Core/Src/pcm.c:135:10:getMaxVolume	8	static
../Core/Src/pcm.c:180:6:playPCMFileEnd	0	static
../Core/Src/pcm.c:145:6:playPCMFile	32	static
../Core/Src/pcm.c:186:6:HAL_I2S_TxHalfCpltCallback	0	static
../Core/Src/pcm.c:193:6:HAL_I2S_TxCpltCallback	0	static
