../Core/Src/stm32f1xx_hal_msp.c:64:6:HAL_MspInit	8	static
../Core/Src/stm32f1xx_hal_msp.c:90:6:HAL_ADC_MspInit	40	static
../Core/Src/stm32f1xx_hal_msp.c:122:6:HAL_ADC_MspDeInit	0	static
../Core/Src/stm32f1xx_hal_msp.c:150:6:HAL_I2S_MspInit	56	static
../Core/Src/stm32f1xx_hal_msp.c:209:6:HAL_I2S_MspDeInit	8	static
../Core/Src/stm32f1xx_hal_msp.c:244:6:HAL_SD_MspInit	48	static
../Core/Src/stm32f1xx_hal_msp.c:285:6:HAL_SD_MspDeInit	8	static
../Core/Src/stm32f1xx_hal_msp.c:317:6:HAL_TIM_Base_MspInit	16	static
../Core/Src/stm32f1xx_hal_msp.c:353:6:HAL_TIM_Base_MspDeInit	0	static
../Core/Src/stm32f1xx_hal_msp.c:439:6:HAL_SRAM_MspInit	40	static
../Core/Src/stm32f1xx_hal_msp.c:497:6:HAL_SRAM_MspDeInit	8	static
