../Drivers/STM32F1xx_HAL_Driver/Src/stm32f1xx_hal_i2s.c:1836:26:I2S_WaitFlagStateUntilTimeout	24	static
../Drivers/STM32F1xx_HAL_Driver/Src/stm32f1xx_hal_i2s.c:492:13:HAL_I2S_MspInit	0	static
../Drivers/STM32F1xx_HAL_Driver/Src/stm32f1xx_hal_i2s.c:270:19:HAL_I2S_Init	16	static
../Drivers/STM32F1xx_HAL_Driver/Src/stm32f1xx_hal_i2s.c:508:13:HAL_I2S_MspDeInit	0	static
../Drivers/STM32F1xx_HAL_Driver/Src/stm32f1xx_hal_i2s.c:448:19:HAL_I2S_DeInit	8	static
../Drivers/STM32F1xx_HAL_Driver/Src/stm32f1xx_hal_i2s.c:771:19:HAL_I2S_Transmit	32	static
../Drivers/STM32F1xx_HAL_Driver/Src/stm32f1xx_hal_i2s.c:890:19:HAL_I2S_Receive	24	static
../Drivers/STM32F1xx_HAL_Driver/Src/stm32f1xx_hal_i2s.c:988:19:HAL_I2S_Transmit_IT	8	static
../Drivers/STM32F1xx_HAL_Driver/Src/stm32f1xx_hal_i2s.c:1054:19:HAL_I2S_Receive_IT	8	static
../Drivers/STM32F1xx_HAL_Driver/Src/stm32f1xx_hal_i2s.c:1118:19:HAL_I2S_Transmit_DMA	16	static
../Drivers/STM32F1xx_HAL_Driver/Src/stm32f1xx_hal_i2s.c:1209:19:HAL_I2S_Receive_DMA	24	static
../Drivers/STM32F1xx_HAL_Driver/Src/stm32f1xx_hal_i2s.c:1298:19:HAL_I2S_DMAPause	0	static
../Drivers/STM32F1xx_HAL_Driver/Src/stm32f1xx_hal_i2s.c:1330:19:HAL_I2S_DMAResume	0	static
../Drivers/STM32F1xx_HAL_Driver/Src/stm32f1xx_hal_i2s.c:1369:19:HAL_I2S_DMAStop	24	static
../Drivers/STM32F1xx_HAL_Driver/Src/stm32f1xx_hal_i2s.c:1530:13:HAL_I2S_TxHalfCpltCallback	0	static
../Drivers/STM32F1xx_HAL_Driver/Src/stm32f1xx_hal_i2s.c:1688:13:I2S_DMATxHalfCplt	8	static
../Drivers/STM32F1xx_HAL_Driver/Src/stm32f1xx_hal_i2s.c:1546:13:HAL_I2S_TxCpltCallback	0	static
../Drivers/STM32F1xx_HAL_Driver/Src/stm32f1xx_hal_i2s.c:1661:13:I2S_DMATxCplt	8	static
../Drivers/STM32F1xx_HAL_Driver/Src/stm32f1xx_hal_i2s.c:1562:13:HAL_I2S_RxHalfCpltCallback	0	static
../Drivers/STM32F1xx_HAL_Driver/Src/stm32f1xx_hal_i2s.c:1732:13:I2S_DMARxHalfCplt	8	static
../Drivers/STM32F1xx_HAL_Driver/Src/stm32f1xx_hal_i2s.c:1578:13:HAL_I2S_RxCpltCallback	0	static
../Drivers/STM32F1xx_HAL_Driver/Src/stm32f1xx_hal_i2s.c:1706:13:I2S_DMARxCplt	8	static
../Drivers/STM32F1xx_HAL_Driver/Src/stm32f1xx_hal_i2s.c:1594:13:HAL_I2S_ErrorCallback	0	static
../Drivers/STM32F1xx_HAL_Driver/Src/stm32f1xx_hal_i2s.c:1750:13:I2S_DMAError	8	static
../Drivers/STM32F1xx_HAL_Driver/Src/stm32f1xx_hal_i2s.c:1469:6:HAL_I2S_IRQHandler	16	static
../Drivers/STM32F1xx_HAL_Driver/Src/stm32f1xx_hal_i2s.c:1629:22:HAL_I2S_GetState	0	static
../Drivers/STM32F1xx_HAL_Driver/Src/stm32f1xx_hal_i2s.c:1640:10:HAL_I2S_GetError	0	static
