Archive member included to satisfy reference by file (symbol)

c:/st/stm32cubeide_1.9.0/stm32cubeide/plugins/com.st.stm32cube.ide.mcu.externaltools.gnu-tools-for-stm32.10.3-2021.10.win32_1.0.0.202111181127/tools/bin/../lib/gcc/arm-none-eabi/10.3.1/../../../../arm-none-eabi/lib/thumb/v7-m/nofp\libc_nano.a(lib_a-errno.o)
                              ./Core/Src/syscalls.o (__errno)
c:/st/stm32cubeide_1.9.0/stm32cubeide/plugins/com.st.stm32cube.ide.mcu.externaltools.gnu-tools-for-stm32.10.3-2021.10.win32_1.0.0.202111181127/tools/bin/../lib/gcc/arm-none-eabi/10.3.1/../../../../arm-none-eabi/lib/thumb/v7-m/nofp\libc_nano.a(lib_a-exit.o)
                              c:/st/stm32cubeide_1.9.0/stm32cubeide/plugins/com.st.stm32cube.ide.mcu.externaltools.gnu-tools-for-stm32.10.3-2021.10.win32_1.0.0.202111181127/tools/bin/../lib/gcc/arm-none-eabi/10.3.1/../../../../arm-none-eabi/lib/thumb/v7-m/nofp/crt0.o (exit)
c:/st/stm32cubeide_1.9.0/stm32cubeide/plugins/com.st.stm32cube.ide.mcu.externaltools.gnu-tools-for-stm32.10.3-2021.10.win32_1.0.0.202111181127/tools/bin/../lib/gcc/arm-none-eabi/10.3.1/../../../../arm-none-eabi/lib/thumb/v7-m/nofp\libc_nano.a(lib_a-impure.o)
                              c:/st/stm32cubeide_1.9.0/stm32cubeide/plugins/com.st.stm32cube.ide.mcu.externaltools.gnu-tools-for-stm32.10.3-2021.10.win32_1.0.0.202111181127/tools/bin/../lib/gcc/arm-none-eabi/10.3.1/../../../../arm-none-eabi/lib/thumb/v7-m/nofp\libc_nano.a(lib_a-exit.o) (_global_impure_ptr)
c:/st/stm32cubeide_1.9.0/stm32cubeide/plugins/com.st.stm32cube.ide.mcu.externaltools.gnu-tools-for-stm32.10.3-2021.10.win32_1.0.0.202111181127/tools/bin/../lib/gcc/arm-none-eabi/10.3.1/../../../../arm-none-eabi/lib/thumb/v7-m/nofp\libc_nano.a(lib_a-init.o)
                              c:/st/stm32cubeide_1.9.0/stm32cubeide/plugins/com.st.stm32cube.ide.mcu.externaltools.gnu-tools-for-stm32.10.3-2021.10.win32_1.0.0.202111181127/tools/bin/../lib/gcc/arm-none-eabi/10.3.1/../../../../arm-none-eabi/lib/thumb/v7-m/nofp/crt0.o (__libc_init_array)
c:/st/stm32cubeide_1.9.0/stm32cubeide/plugins/com.st.stm32cube.ide.mcu.externaltools.gnu-tools-for-stm32.10.3-2021.10.win32_1.0.0.202111181127/tools/bin/../lib/gcc/arm-none-eabi/10.3.1/../../../../arm-none-eabi/lib/thumb/v7-m/nofp\libc_nano.a(lib_a-malloc.o)
                              ./Middlewares/Third_Party/helix_mp3_decoder/buffers.o (malloc)
c:/st/stm32cubeide_1.9.0/stm32cubeide/plugins/com.st.stm32cube.ide.mcu.externaltools.gnu-tools-for-stm32.10.3-2021.10.win32_1.0.0.202111181127/tools/bin/../lib/gcc/arm-none-eabi/10.3.1/../../../../arm-none-eabi/lib/thumb/v7-m/nofp\libc_nano.a(lib_a-memcpy-stub.o)
                              ./Middlewares/Third_Party/helix_mp3_decoder/mp3dec.o (memcpy)
c:/st/stm32cubeide_1.9.0/stm32cubeide/plugins/com.st.stm32cube.ide.mcu.externaltools.gnu-tools-for-stm32.10.3-2021.10.win32_1.0.0.202111181127/tools/bin/../lib/gcc/arm-none-eabi/10.3.1/../../../../arm-none-eabi/lib/thumb/v7-m/nofp\libc_nano.a(lib_a-memmove.o)
                              ./Core/Src/mp3.o (memmove)
c:/st/stm32cubeide_1.9.0/stm32cubeide/plugins/com.st.stm32cube.ide.mcu.externaltools.gnu-tools-for-stm32.10.3-2021.10.win32_1.0.0.202111181127/tools/bin/../lib/gcc/arm-none-eabi/10.3.1/../../../../arm-none-eabi/lib/thumb/v7-m/nofp\libc_nano.a(lib_a-memset.o)
                              c:/st/stm32cubeide_1.9.0/stm32cubeide/plugins/com.st.stm32cube.ide.mcu.externaltools.gnu-tools-for-stm32.10.3-2021.10.win32_1.0.0.202111181127/tools/bin/../lib/gcc/arm-none-eabi/10.3.1/../../../../arm-none-eabi/lib/thumb/v7-m/nofp/crt0.o (memset)
c:/st/stm32cubeide_1.9.0/stm32cubeide/plugins/com.st.stm32cube.ide.mcu.externaltools.gnu-tools-for-stm32.10.3-2021.10.win32_1.0.0.202111181127/tools/bin/../lib/gcc/arm-none-eabi/10.3.1/../../../../arm-none-eabi/lib/thumb/v7-m/nofp\libc_nano.a(lib_a-nano-freer.o)
                              c:/st/stm32cubeide_1.9.0/stm32cubeide/plugins/com.st.stm32cube.ide.mcu.externaltools.gnu-tools-for-stm32.10.3-2021.10.win32_1.0.0.202111181127/tools/bin/../lib/gcc/arm-none-eabi/10.3.1/../../../../arm-none-eabi/lib/thumb/v7-m/nofp\libc_nano.a(lib_a-malloc.o) (_free_r)
c:/st/stm32cubeide_1.9.0/stm32cubeide/plugins/com.st.stm32cube.ide.mcu.externaltools.gnu-tools-for-stm32.10.3-2021.10.win32_1.0.0.202111181127/tools/bin/../lib/gcc/arm-none-eabi/10.3.1/../../../../arm-none-eabi/lib/thumb/v7-m/nofp\libc_nano.a(lib_a-nano-mallocr.o)
                              c:/st/stm32cubeide_1.9.0/stm32cubeide/plugins/com.st.stm32cube.ide.mcu.externaltools.gnu-tools-for-stm32.10.3-2021.10.win32_1.0.0.202111181127/tools/bin/../lib/gcc/arm-none-eabi/10.3.1/../../../../arm-none-eabi/lib/thumb/v7-m/nofp\libc_nano.a(lib_a-malloc.o) (_malloc_r)
c:/st/stm32cubeide_1.9.0/stm32cubeide/plugins/com.st.stm32cube.ide.mcu.externaltools.gnu-tools-for-stm32.10.3-2021.10.win32_1.0.0.202111181127/tools/bin/../lib/gcc/arm-none-eabi/10.3.1/../../../../arm-none-eabi/lib/thumb/v7-m/nofp\libc_nano.a(lib_a-printf.o)
[...]
Memory Configuration

Name             Origin             Length             Attributes
RAM              0x0000000020000000 0x0000000000010000 xrw
FLASH            0x0000000008000000 0x0000000000080000 xr
*default*        0x0000000000000000 0xffffffffffffffff

Linker script and memory map

LOAD c:/st/stm32cubeide_1.9.0/stm32cubeide/plugins/com.st.stm32cube.ide.mcu.externaltools.gnu-tools-for-stm32.10.3-2021.10.win32_1.0.0.202111181127/tools/bin/../lib/gcc/arm-none-eabi/10.3.1/thumb/v7-m/nofp/crti.o
LOAD c:/st/stm32cubeide_1.9.0/stm32cubeide/plugins/com.st.stm32cube.ide.mcu.externaltools.gnu-tools-for-stm32.10.3-2021.10.win32_1.0.0.202111181127/tools/bin/../lib/gcc/arm-none-eabi/10.3.1/thumb/v7-m/nofp/crtbegin.o
LOAD c:/st/stm32cubeide_1.9.0/stm32cubeide/plugins/com.st.stm32cube.ide.mcu.externaltools.gnu-tools-for-stm32.10.3-2021.10.win32_1.0.0.202111181127/tools/bin/../lib/gcc/arm-none-eabi/10.3.1/../../../../arm-none-eabi/lib/thumb/v7-m/nofp/crt0.o
LOAD ./Core/Src/files.o
LOAD ./Core/Src/lcdtp.o
LOAD ./Core/Src/main.o
LOAD ./Core/Src/mp3.o
LOAD ./Core/Src/pcm.o
LOAD ./Core/Src/stm32f1xx_hal_msp.o
LOAD ./Core/Src/stm32f1xx_it.o
LOAD ./Core/Src/syscalls.o
LOAD ./Core/Src/sysmem.o
LOAD ./Core/Src/system_stm32f1xx.o
LOAD ./Core/Src/xpt2046.o
LOAD ./Core/Startup/startup_stm32f103vetx.o
LOAD ./Drivers/STM32F1xx_HAL_Driver/Src/stm32f1xx_hal.o
LOAD ./Drivers/STM32F1xx_HAL_Driver/Src/stm32f1xx_hal_adc.o
LOAD ./Drivers/STM32F1xx_HAL_Driver/Src/stm32f1xx_hal_adc_ex.o
LOAD ./Drivers/STM32F1xx_HAL_Driver/Src/stm32f1xx_hal_cortex.o
LOAD ./Drivers/STM32F1xx_HAL_Driver/Src/stm32f1xx_hal_dma.o
LOAD ./Drivers/STM32F1xx_HAL_Driver/Src/stm32f1xx_hal_exti.o
LOAD ./Drivers/STM32F1xx_HAL_Driver/Src/stm32f1xx_hal_flash.o
LOAD ./Drivers/STM32F1xx_HAL_Driver/Src/stm32f1xx_hal_flash_ex.o
LOAD ./Drivers/STM32F1xx_HAL_Driver/Src/stm32f1xx_hal_gpio.o
LOAD ./Drivers/STM32F1xx_HAL_Driver/Src/stm32f1xx_hal_gpio_ex.o
LOAD ./Drivers/STM32F1xx_HAL_Driver/Src/stm32f1xx_hal_i2s.o
LOAD ./Drivers/STM32F1xx_HAL_Driver/Src/stm32f1xx_hal_pwr.o
LOAD ./Drivers/STM32F1xx_HAL_Driver/Src/stm32f1xx_hal_rcc.o
LOAD ./Drivers/STM32F1xx_HAL_Driver/Src/stm32f1xx_hal_rcc_ex.o
LOAD ./Drivers/STM32F1xx_HAL_Driver/Src/stm32f1xx_hal_sd.o
LOAD ./Drivers/STM32F1xx_HAL_Driver/Src/stm32f1xx_hal_sram.o
LOAD ./Drivers/STM32F1xx_HAL_Driver/Src/stm32f1xx_hal_tim.o
LOAD ./Drivers/STM32F1xx_HAL_Driver/Src/stm32f1xx_hal_tim_ex.o
LOAD ./Drivers/STM32F1xx_HAL_Driver/Src/stm32f1xx_ll_fsmc.o
LOAD ./Drivers/STM32F1xx_HAL_Driver/Src/stm32f1xx_ll_sdmmc.o
LOAD ./FATFS/App/fatfs.o
LOAD ./FATFS/Target/bsp_driver_sd.o
LOAD ./Middlewares/Third_Party/FatFs/src/diskio.o
LOAD ./Middlewares/Third_Party/FatFs/src/ff.o
LOAD ./Middlewares/Third_Party/FatFs/src/ff_gen_drv.o
LOAD ./Middlewares/Third_Party/FatFs/src/drivers/sd_diskio.o
LOAD ./Middlewares/Third_Party/FatFs/src/option/syscall.o
LOAD ./Middlewares/Third_Party/helix_mp3_decoder/bitstream.o
LOAD ./Middlewares/Third_Party/helix_mp3_decoder/buffers.o
LOAD ./Middlewares/Third_Party/helix_mp3_decoder/dct32.o
LOAD ./Middlewares/Third_Party/helix_mp3_decoder/dequant.o
LOAD ./Middlewares/Third_Party/helix_mp3_decoder/dqchan.o
LOAD ./Middlewares/Third_Party/helix_mp3_decoder/huffman.o
LOAD ./Middlewares/Third_Party/helix_mp3_decoder/hufftabs.o
LOAD ./Middlewares/Third_Party/helix_mp3_decoder/imdct.o
LOAD ./Middlewares/Third_Party/helix_mp3_decoder/mp3dec.o
LOAD ./Middlewares/Third_Party/helix_mp3_decoder/mp3tabs.o
LOAD ./Middlewares/Third_Party/helix_mp3_decoder/polyphase.o
LOAD ./Middlewares/Third_Party/helix_mp3_decoder/scalfact.o
LOAD ./Middlewares/Third_Party/helix_mp3_decoder/stproc.o
LOAD ./Middlewares/Third_Party/helix_mp3_decoder/subband.o
LOAD ./Middlewares/Third_Party/helix_mp3_decoder/trigtabs.o
START GROUP
LOAD c:/st/stm32cubeide_1.9.0/stm32cubeide/plugins/com.st.stm32cube.ide.mcu.externaltools.gnu-tools-for-stm32.10.3-2021.10.win32_1.0.0.202111181127/tools/bin/../lib/gcc/arm-none-eabi/10.3.1/../../../../arm-none-eabi/lib/thumb/v7-m/nofp\libc_nano.a
LOAD c:/st/stm32cubeide_1.9.0/stm32cubeide/plugins/com.st.stm32cube.ide.mcu.externaltools.gnu-tools-for-stm32.10.3-2021.10.win32_1.0.0.202111181127/tools/bin/../lib/gcc/arm-none-eabi/10.3.1/../../../../arm-none-eabi/lib/thumb/v7-m/nofp\libm.a
END GROUP
START GROUP
LOAD c:/st/stm32cubeide_1.9.0/stm32cubeide/plugins/com.st.stm32cube.ide.mcu.externaltools.gnu-tools-for-stm32.10.3-2021.10.win32_1.0.0.202111181127/tools/bin/../lib/gcc/arm-none-eabi/10.3.1/thumb/v7-m/nofp\libgcc.a
LOAD c:/st/stm32cubeide_1.9.0/stm32cubeide/plugins/com.st.stm32cube.ide.mcu.externaltools.gnu-tools-for-stm32.10.3-2021.10.win32_1.0.0.202111181127/tools/bin/../lib/gcc/arm-none-eabi/10.3.1/../../../../arm-none-eabi/lib/thumb/v7-m/nofp\libc_nano.a
END GROUP
START GROUP
LOAD c:/st/stm32cubeide_1.9.0/stm32cubeide/plugins/com.st.stm32cube.ide.mcu.externaltools.gnu-tools-for-stm32.10.3-2021.10.win32_1.0.0.202111181127/tools/bin/../lib/gcc/arm-none-eabi/10.3.1/thumb/v7-m/nofp\libgcc.a
LOAD c:/st/stm32cubeide_1.9.0/stm32cubeide/plugins/com.st.stm32cube.ide.mcu.externaltools.gnu-tools-for-stm32.10.3-2021.10.win32_1.0.0.202111181127/tools/bin/../lib/gcc/arm-none-eabi/10.3.1/../../../../arm-none-eabi/lib/thumb/v7-m/nofp\libc_nano.a
LOAD c:/st/stm32cubeide_1.9.0/stm32cubeide/plugins/com.st.stm32cube.ide.mcu.externaltools.gnu-tools-for-stm32.10.3-2021.10.win32_1.0.0.202111181127/tools/bin/../lib/gcc/arm-none-eabi/10.3.1/../../../../arm-none-eabi/lib/thumb/v7-m/nofp\libnosys.a
END GROUP
START GROUP
LOAD c:/st/stm32cubeide_1.9.0/stm32cubeide/plugins/com.st.stm32cube.ide.mcu.externaltools.gnu-tools-for-stm32.10.3-2021.10.win32_1.0.0.202111181127/tools/bin/../lib/gcc/arm-none-eabi/10.3.1/thumb/v7-m/nofp\libgcc.a
LOAD c:/st/stm32cubeide_1.9.0/stm32cubeide/plugins/com.st.stm32cube.ide.mcu.externaltools.gnu-tools-for-stm32.10.3-2021.10.win32_1.0.0.202111181127/tools/bin/../lib/gcc/arm-none-eabi/10.3.1/../../../../arm-none-eabi/lib/thumb/v7-m/nofp\libc_nano.a
LOAD c:/st/stm32cubeide_1.9.0/stm32cubeide/plugins/com.st.stm32cube.ide.mcu.externaltools.gnu-tools-for-stm32.10.3-2021.10.win32_1.0.0.202111181127/tools/bin/../lib/gcc/arm-none-eabi/10.3.1/../../../../arm-none-eabi/lib/thumb/v7-m/nofp\libnosys.a
END GROUP
LOAD c:/st/stm32cubeide_1.9.0/stm32cubeide/plugins/com.st.stm32cube.ide.mcu.externaltools.gnu-tools-for-stm32.10.3-2021.10.win32_1.0.0.202111181127/tools/bin/../lib/gcc/arm-none-eabi/10.3.1/thumb/v7-m/nofp/crtend.o
LOAD c:/st/stm32cubeide_1.9.0/stm32cubeide/plugins/com.st.stm32cube.ide.mcu.externaltools.gnu-tools-for-stm32.10.3-2021.10.win32_1.0.0.202111181127/tools/bin/../lib/gcc/arm-none-eabi/10.3.1/thumb/v7-m/nofp/crtn.o
                0x0000000020010000                _estack = (ORIGIN (RAM) + LENGTH (RAM))
                0x0000000000000200                _Min_Heap_Size = 0x200
                0x0000000000000400                _Min_Stack_Size = 0x400

.isr_vector     0x0000000008000000      0x1e4
                0x0000000008000000                . = ALIGN (0x4)
 *(.isr_vector)
 .isr_vector    0x0000000008000000      0x1e4 ./Core/Startup/startup_stm32f103vetx.o
                0x0000000008000000                g_pfnVectors
                0x00000000080001e4                . = ALIGN (0x4)

.text           0x00000000080001e8     0x7fb4
                0x00000000080001e8                . = ALIGN (0x4)
 *(.text)
 .text          0x00000000080001e8       0x40 c:/st/stm32cubeide_1.9.0/stm32cubeide/plugins/com.st.stm32cube.ide.mcu.externaltools.gnu-tools-for-stm32.10.3-2021.10.win32_1.0.0.202111181127/tools/bin/../lib/gcc/arm-none-eabi/10.3.1/thumb/v7-m/nofp/crtbegin.o
 .text          0x0000000008000228      0x378 c:/st/stm32cubeide_1.9.0/stm32cubeide/plugins/com.st.stm32cube.ide.mcu.externaltools.gnu-tools-for-stm32.10.3-2021.10.win32_1.0.0.202111181127/tools/bin/../lib/gcc/arm-none-eabi/10.3.1/thumb/v7-m/nofp\libgcc.a(_arm_addsubdf3.o)
                0x0000000008000228                __aeabi_drsub
                0x0000000008000230                __aeabi_dsub
                0x0000000008000230                __subdf3
                0x0000000008000234                __aeabi_dadd
                0x0000000008000234                __adddf3
                0x00000000080004ac                __floatunsidf
                0x00000000080004ac                __aeabi_ui2d
                0x00000000080004cc                __floatsidf
                0x00000000080004cc                __aeabi_i2d
                0x00000000080004f0                __aeabi_f2d
                0x00000000080004f0                __extendsfdf2
                0x0000000008000534                __floatundidf
                0x0000000008000534                __aeabi_ul2d
                0x0000000008000544                __floatdidf
                0x0000000008000544                __aeabi_l2d
 .text          0x00000000080005a0      0x424 c:/st/stm32cubeide_1.9.0/stm32cubeide/plugins/com.st.stm32cube.ide.mcu.externaltools.gnu-tools-for-stm32.10.3-2021.10.win32_1.0.0.202111181127/tools/bin/../lib/gcc/arm-none-eabi/10.3.1/thumb/v7-m/nofp\libgcc.a(_arm_muldivdf3.o)
                0x00000000080005a0                __aeabi_dmul
                0x00000000080005a0                __muldf3
                0x00000000080007f4                __divdf3
                0x00000000080007f4                __aeabi_ddiv
 .text          0x00000000080009c4      0x110 c:/st/stm32cubeide_1.9.0/stm32cubeide/plugins/com.st.stm32cube.ide.mcu.externaltools.gnu-tools-for-stm32.10.3-2021.10.win32_1.0.0.202111181127/tools/bin/../lib/gcc/arm-none-eabi/10.3.1/thumb/v7-m/nofp\libgcc.a(_arm_cmpdf2.o)
                0x00000000080009c4                __gtdf2
                0x00000000080009c4                __gedf2
                0x00000000080009cc                __ltdf2
                0x00000000080009cc                __ledf2
                0x00000000080009d4                __nedf2
                0x00000000080009d4                __eqdf2
                0x00000000080009d4                __cmpdf2
                0x0000000008000a50                __aeabi_cdrcmple
                0x0000000008000a60                __aeabi_cdcmpeq
                0x0000000008000a60                __aeabi_cdcmple
                0x0000000008000a70                __aeabi_dcmpeq
                0x0000000008000a84                __aeabi_dcmplt
                0x0000000008000a98                __aeabi_dcmple
                0x0000000008000aac                __aeabi_dcmpge
                0x0000000008000ac0                __aeabi_dcmpgt
 .text          0x0000000008000ad4       0x50 c:/st/stm32cubeide_1.9.0/stm32cubeide/plugins/com.st.stm32cube.ide.mcu.externaltools.gnu-tools-for-stm32.10.3-2021.10.win32_1.0.0.202111181127/tools/bin/../lib/gcc/arm-none-eabi/10.3.1/thumb/v7-m/nofp\libgcc.a(_arm_fixdfsi.o)
                0x0000000008000ad4                __aeabi_d2iz
                0x0000000008000ad4                __fixdfsi
 .text          0x0000000008000b24       0x40 c:/st/stm32cubeide_1.9.0/stm32cubeide/plugins/com.st.stm32cube.ide.mcu.externaltools.gnu-tools-for-stm32.10.3-2021.10.win32_1.0.0.202111181127/tools/bin/../lib/gcc/arm-none-eabi/10.3.1/thumb/v7-m/nofp\libgcc.a(_arm_fixunsdfsi.o)
                0x0000000008000b24                __aeabi_d2uiz
                0x0000000008000b24                __fixunsdfsi
 .text          0x0000000008000b64       0xa0 c:/st/stm32cubeide_1.9.0/stm32cubeide/plugins/com.st.stm32cube.ide.mcu.externaltools.gnu-tools-for-stm32.10.3-2021.10.win32_1.0.0.202111181127/tools/bin/../lib/gcc/arm-none-eabi/10.3.1/thumb/v7-m/nofp\libgcc.a(_arm_truncdfsf2.o)
                0x0000000008000b64                __truncdfsf2
                0x0000000008000b64                __aeabi_d2f
 .text          0x0000000008000c04      0x21c c:/st/stm32cubeide_1.9.0/stm32cubeide/plugins/com.st.stm32cube.ide.mcu.externaltools.gnu-tools-for-stm32.10.3-2021.10.win32_1.0.0.202111181127/tools/bin/../lib/gcc/arm-none-eabi/10.3.1/thumb/v7-m/nofp\libgcc.a(_arm_addsubsf3.o)
                0x0000000008000c04                __aeabi_frsub
                0x0000000008000c0c                __subsf3
                0x0000000008000c0c                __aeabi_fsub
                0x0000000008000c10                __aeabi_fadd
                0x0000000008000c10                __addsf3
                0x0000000008000d70                __aeabi_ui2f
                0x0000000008000d70                __floatunsisf
                0x0000000008000d78                __aeabi_i2f
                0x0000000008000d78                __floatsisf
                0x0000000008000d94                __aeabi_ul2f
                0x0000000008000d94                __floatundisf
                0x0000000008000da4                __aeabi_l2f
                0x0000000008000da4                __floatdisf
 .text          0x0000000008000e20      0x2a0 c:/st/stm32cubeide_1.9.0/stm32cubeide/plugins/com.st.stm32cube.ide.mcu.externaltools.gnu-tools-for-stm32.10.3-2021.10.win32_1.0.0.202111181127/tools/bin/../lib/gcc/arm-none-eabi/10.3.1/thumb/v7-m/nofp\libgcc.a(_arm_muldivsf3.o)
                0x0000000008000e20                __mulsf3
                0x0000000008000e20                __aeabi_fmul
                0x0000000008000f88                __aeabi_fdiv
                0x0000000008000f88                __divsf3
 .text          0x00000000080010c0       0x4c c:/st/stm32cubeide_1.9.0/stm32cubeide/plugins/com.st.stm32cube.ide.mcu.externaltools.gnu-tools-for-stm32.10.3-2021.10.win32_1.0.0.202111181127/tools/bin/../lib/gcc/arm-none-eabi/10.3.1/thumb/v7-m/nofp\libgcc.a(_arm_fixsfsi.o)
                0x00000000080010c0                __aeabi_f2iz
                0x00000000080010c0                __fixsfsi
 *(.text*)
 .text.scanFiles
                0x000000000800110c      0x12c ./Core/Src/files.o
                0x000000000800110c                scanFiles
 .text.Delay    0x0000000008001238       0x14 ./Core/Src/lcdtp.o
                0x0000000008001238                Delay
 .text.LCD_Rst  0x000000000800124c       0x34 ./Core/Src/lcdtp.o
                0x000000000800124c                LCD_Rst
 .text.LCD_REG_Config
                0x0000000008001280      0x1a0 ./Core/Src/lcdtp.o
                0x0000000008001280                LCD_REG_Config
 .text.LCD_OpenWindow
                0x0000000008001420       0x4c ./Core/Src/lcdtp.o
                0x0000000008001420                LCD_OpenWindow
 .text.LCD_FillColor
                0x000000000800146c       0x1c ./Core/Src/lcdtp.o
                0x000000000800146c                LCD_FillColor
 .text.LCD_Clear
                0x0000000008001488       0x1c ./Core/Src/lcdtp.o
                0x0000000008001488                LCD_Clear
 .text.LCD_INIT
                0x00000000080014a4       0x34 ./Core/Src/lcdtp.o
                0x00000000080014a4                LCD_INIT
 .text.LCD_DrawChar
                0x00000000080014d8       0x58 ./Core/Src/lcdtp.o
                0x00000000080014d8                LCD_DrawChar
 .text.LCD_DrawString
                0x0000000008001530       0x32 ./Core/Src/lcdtp.o
                0x0000000008001530                LCD_DrawString
 *fill*         0x0000000008001562        0x2 
 .text.LCD_DrawChar_Color
                0x0000000008001564       0x58 ./Core/Src/lcdtp.o
                0x0000000008001564                LCD_DrawChar_Color
 .text.LCD_DrawCross
                0x00000000080015bc       0x2e ./Core/Src/lcdtp.o
                0x00000000080015bc                LCD_DrawCross
 .text.LCD_DrawString_Color
                0x00000000080015ea       0x44 ./Core/Src/lcdtp.o
                0x00000000080015ea                LCD_DrawString_Color
 *fill*         0x000000000800162e        0x2 
 .text.HAL_GPIO_EXTI_Callback
                0x0000000008001630       0x28 ./Core/Src/main.o
                0x0000000008001630                HAL_GPIO_EXTI_Callback
 .text.SystemClock_Config
                0x0000000008001658       0x88 ./Core/Src/main.o
                0x0000000008001658                SystemClock_Config
 .text.startup.main
                0x00000000080016e0      0x4d8 ./Core/Src/main.o
                0x00000000080016e0                main
 .text.Error_Handler
                0x0000000008001bb8        0x4 ./Core/Src/main.o
                0x0000000008001bb8                Error_Handler
 *fill*         0x0000000008001bbc        0x4 
 .text.initialize_sine_table
                0x0000000008001bc0       0x64 ./Core/Src/pcm.o
                0x0000000008001bc0                initialize_sine_table
 .text.playPCMFileInit
                0x0000000008001c24       0xa4 ./Core/Src/pcm.o
                0x0000000008001c24                playPCMFileInit
 .text.playPCMFileEnd
                0x0000000008001cc8       0x14 ./Core/Src/pcm.o
                0x0000000008001cc8                playPCMFileEnd
 .text.playPCMFile
                0x0000000008001cdc       0xb8 ./Core/Src/pcm.o
                0x0000000008001cdc                playPCMFile
 .text.HAL_I2S_TxHalfCpltCallback
                0x0000000008001d94       0x24 ./Core/Src/pcm.o
                0x0000000008001d94                HAL_I2S_TxHalfCpltCallback
 .text.HAL_I2S_TxCpltCallback
                0x0000000008001db8       0x24 ./Core/Src/pcm.o
                0x0000000008001db8                HAL_I2S_TxCpltCallback
 .text.HAL_MspInit
                0x0000000008001ddc       0x44 ./Core/Src/stm32f1xx_hal_msp.o
                0x0000000008001ddc                HAL_MspInit
 .text.HAL_ADC_MspInit
                0x0000000008001e20       0x5c ./Core/Src/stm32f1xx_hal_msp.o
                0x0000000008001e20                HAL_ADC_MspInit
 .text.HAL_I2S_MspInit
                0x0000000008001e7c       0xc8 ./Core/Src/stm32f1xx_hal_msp.o
                0x0000000008001e7c                HAL_I2S_MspInit
 .text.HAL_SD_MspInit
                0x0000000008001f44       0x8c ./Core/Src/stm32f1xx_hal_msp.o
                0x0000000008001f44                HAL_SD_MspInit
 .text.HAL_TIM_Base_MspInit
                0x0000000008001fd0       0x60 ./Core/Src/stm32f1xx_hal_msp.o
                0x0000000008001fd0                HAL_TIM_Base_MspInit
 .text.HAL_SRAM_MspInit
                0x0000000008002030       0x64 ./Core/Src/stm32f1xx_hal_msp.o
                0x0000000008002030                HAL_SRAM_MspInit
 .text.NMI_Handler
                0x0000000008002094        0x2 ./Core/Src/stm32f1xx_it.o
                0x0000000008002094                NMI_Handler
 .text.HardFault_Handler
                0x0000000008002096        0x2 ./Core/Src/stm32f1xx_it.o
                0x0000000008002096                HardFault_Handler
 .text.MemManage_Handler
                0x0000000008002098        0x2 ./Core/Src/stm32f1xx_it.o
                0x0000000008002098                MemManage_Handler
 .text.BusFault_Handler
                0x000000000800209a        0x2 ./Core/Src/stm32f1xx_it.o
                0x000000000800209a                BusFault_Handler
 .text.UsageFault_Handler
                0x000000000800209c        0x2 ./Core/Src/stm32f1xx_it.o
                0x000000000800209c                UsageFault_Handler
 .text.SVC_Handler
                0x000000000800209e        0x2 ./Core/Src/stm32f1xx_it.o
                0x000000000800209e                SVC_Handler
 .text.DebugMon_Handler
                0x00000000080020a0        0x2 ./Core/Src/stm32f1xx_it.o
                0x00000000080020a0                DebugMon_Handler
 .text.PendSV_Handler
                0x00000000080020a2        0x2 ./Core/Src/stm32f1xx_it.o
                0x00000000080020a2                PendSV_Handler
 .text.SysTick_Handler
                0x00000000080020a4        0x4 ./Core/Src/stm32f1xx_it.o
                0x00000000080020a4                SysTick_Handler
 .text.EXTI0_IRQHandler
                0x00000000080020a8        0x6 ./Core/Src/stm32f1xx_it.o
                0x00000000080020a8                EXTI0_IRQHandler
 *fill*         0x00000000080020ae        0x2 
 .text.EXTI4_IRQHandler
                0x00000000080020b0       0x2c ./Core/Src/stm32f1xx_it.o
                0x00000000080020b0                EXTI4_IRQHandler
 .text.DMA1_Channel5_IRQHandler
                0x00000000080020dc        0xc ./Core/Src/stm32f1xx_it.o
                0x00000000080020dc                DMA1_Channel5_IRQHandler
 .text.TIM1_UP_IRQHandler
                0x00000000080020e8        0xc ./Core/Src/stm32f1xx_it.o
                0x00000000080020e8                TIM1_UP_IRQHandler
 .text.EXTI15_10_IRQHandler
                0x00000000080020f4        0x8 ./Core/Src/stm32f1xx_it.o
                0x00000000080020f4                EXTI15_10_IRQHandler
 .text._sbrk    0x00000000080020fc       0x40 ./Core/Src/sysmem.o
                0x00000000080020fc                _sbrk
 .text.SystemInit
                0x000000000800213c        0x2 ./Core/Src/system_stm32f1xx.o
                0x000000000800213c                SystemInit
 *fill*         0x000000000800213e        0x2 
 .text.XPT2046_ReadCMD
                0x0000000008002140       0x4c ./Core/Src/xpt2046.o
 .text.XPT2046_WriteCMD
                0x000000000800218c       0x64 ./Core/Src/xpt2046.o
 .text.XPT2046_ReadAdc_Smooth_XY
                0x00000000080021f0      0x140 ./Core/Src/xpt2046.o
 .text.XPT2046_Touch_Calibrate
                0x0000000008002330      0x344 ./Core/Src/xpt2046.o
                0x0000000008002330                XPT2046_Touch_Calibrate
 .text.Reset_Handler
                0x0000000008002674       0x48 ./Core/Startup/startup_stm32f103vetx.o
                0x0000000008002674                Reset_Handler
 .text.Default_Handler
                0x00000000080026bc        0x2 ./Core/Startup/startup_stm32f103vetx.o
                0x00000000080026bc                RTC_Alarm_IRQHandler
                0x00000000080026bc                EXTI2_IRQHandler
                0x00000000080026bc                TIM8_TRG_COM_IRQHandler
                0x00000000080026bc                TIM8_CC_IRQHandler
                0x00000000080026bc                TIM1_CC_IRQHandler
                0x00000000080026bc                TIM6_IRQHandler
                0x00000000080026bc                PVD_IRQHandler
                0x00000000080026bc                SDIO_IRQHandler
                0x00000000080026bc                EXTI3_IRQHandler
                0x00000000080026bc                I2C2_EV_IRQHandler
                0x00000000080026bc                ADC1_2_IRQHandler
                0x00000000080026bc                SPI1_IRQHandler
                0x00000000080026bc                TAMPER_IRQHandler
                0x00000000080026bc                TIM8_UP_IRQHandler
                0x00000000080026bc                DMA2_Channel2_IRQHandler
                0x00000000080026bc                DMA1_Channel4_IRQHandler
                0x00000000080026bc                USART3_IRQHandler
                0x00000000080026bc                RTC_IRQHandler
                0x00000000080026bc                DMA1_Channel7_IRQHandler
                0x00000000080026bc                CAN1_RX1_IRQHandler
                0x00000000080026bc                UART5_IRQHandler
                0x00000000080026bc                ADC3_IRQHandler
                0x00000000080026bc                TIM4_IRQHandler
                0x00000000080026bc                DMA2_Channel1_IRQHandler
                0x00000000080026bc                I2C1_EV_IRQHandler
                0x00000000080026bc                DMA1_Channel6_IRQHandler
                0x00000000080026bc                UART4_IRQHandler
                0x00000000080026bc                TIM3_IRQHandler
                0x00000000080026bc                RCC_IRQHandler
                0x00000000080026bc                TIM1_TRG_COM_IRQHandler
                0x00000000080026bc                DMA1_Channel1_IRQHandler
                0x00000000080026bc                Default_Handler
                0x00000000080026bc                TIM7_IRQHandler
                0x00000000080026bc                TIM5_IRQHandler
                0x00000000080026bc                EXTI9_5_IRQHandler
                0x00000000080026bc                SPI2_IRQHandler
                0x00000000080026bc                USB_LP_CAN1_RX0_IRQHandler
                0x00000000080026bc                USB_HP_CAN1_TX_IRQHandler
                0x00000000080026bc                DMA1_Channel3_IRQHandler
                0x00000000080026bc                FSMC_IRQHandler
                0x00000000080026bc                WWDG_IRQHandler
                0x00000000080026bc                TIM2_IRQHandler
                0x00000000080026bc                TIM1_BRK_IRQHandler
                0x00000000080026bc                EXTI1_IRQHandler
                0x00000000080026bc                DMA2_Channel4_5_IRQHandler
                0x00000000080026bc                USART2_IRQHandler
                0x00000000080026bc                I2C2_ER_IRQHandler
                0x00000000080026bc                DMA1_Channel2_IRQHandler
                0x00000000080026bc                TIM8_BRK_IRQHandler
                0x00000000080026bc                CAN1_SCE_IRQHandler
                0x00000000080026bc                FLASH_IRQHandler
                0x00000000080026bc                USART1_IRQHandler
                0x00000000080026bc                SPI3_IRQHandler
                0x00000000080026bc                I2C1_ER_IRQHandler
                0x00000000080026bc                USBWakeUp_IRQHandler
                0x00000000080026bc                DMA2_Channel3_IRQHandler
 *fill*         0x00000000080026be        0x2 
 .text.HAL_InitTick
                0x00000000080026c0       0x48 ./Drivers/STM32F1xx_HAL_Driver/Src/stm32f1xx_hal.o
                0x00000000080026c0                HAL_InitTick
 .text.HAL_Init
                0x0000000008002708       0x24 ./Drivers/STM32F1xx_HAL_Driver/Src/stm32f1xx_hal.o
                0x0000000008002708                HAL_Init
 .text.HAL_IncTick
                0x000000000800272c       0x18 ./Drivers/STM32F1xx_HAL_Driver/Src/stm32f1xx_hal.o
                0x000000000800272c                HAL_IncTick
 .text.HAL_GetTick
                0x0000000008002744        0xc ./Drivers/STM32F1xx_HAL_Driver/Src/stm32f1xx_hal.o
                0x0000000008002744                HAL_GetTick
 .text.HAL_Delay
                0x0000000008002750       0x24 ./Drivers/STM32F1xx_HAL_Driver/Src/stm32f1xx_hal.o
                0x0000000008002750                HAL_Delay
 .text.HAL_ADC_PollForConversion
                0x0000000008002774      0x158 ./Drivers/STM32F1xx_HAL_Driver/Src/stm32f1xx_hal_adc.o
                0x0000000008002774                HAL_ADC_PollForConversion
 .text.HAL_ADC_ConfigChannel
                0x00000000080028cc       0xfc ./Drivers/STM32F1xx_HAL_Driver/Src/stm32f1xx_hal_adc.o
                0x00000000080028cc                HAL_ADC_ConfigChannel
 .text.ADC_Enable
                0x00000000080029c8       0x78 ./Drivers/STM32F1xx_HAL_Driver/Src/stm32f1xx_hal_adc.o
                0x00000000080029c8                ADC_Enable
 .text.HAL_ADC_Start
                0x0000000008002a40       0xc4 ./Drivers/STM32F1xx_HAL_Driver/Src/stm32f1xx_hal_adc.o
                0x0000000008002a40                HAL_ADC_Start
 .text.ADC_ConversionStop_Disable
                0x0000000008002b04       0x4c ./Drivers/STM32F1xx_HAL_Driver/Src/stm32f1xx_hal_adc.o
                0x0000000008002b04                ADC_ConversionStop_Disable
 .text.HAL_ADC_Init
                0x0000000008002b50      0x114 ./Drivers/STM32F1xx_HAL_Driver/Src/stm32f1xx_hal_adc.o
                0x0000000008002b50                HAL_ADC_Init
 .text.HAL_ADCEx_Calibration_Start
                0x0000000008002c64       0xe0 ./Drivers/STM32F1xx_HAL_Driver/Src/stm32f1xx_hal_adc_ex.o
                0x0000000008002c64                HAL_ADCEx_Calibration_Start
 .text.HAL_NVIC_SetPriorityGrouping
                0x0000000008002d44       0x24 ./Drivers/STM32F1xx_HAL_Driver/Src/stm32f1xx_hal_cortex.o
                0x0000000008002d44                HAL_NVIC_SetPriorityGrouping
 .text.HAL_NVIC_SetPriority
                0x0000000008002d68       0x64 ./Drivers/STM32F1xx_HAL_Driver/Src/stm32f1xx_hal_cortex.o
                0x0000000008002d68                HAL_NVIC_SetPriority
 .text.HAL_NVIC_EnableIRQ
                0x0000000008002dcc       0x1c ./Drivers/STM32F1xx_HAL_Driver/Src/stm32f1xx_hal_cortex.o
                0x0000000008002dcc                HAL_NVIC_EnableIRQ
 .text.HAL_SYSTICK_Config
                0x0000000008002de8       0x28 ./Drivers/STM32F1xx_HAL_Driver/Src/stm32f1xx_hal_cortex.o
                0x0000000008002de8                HAL_SYSTICK_Config
 .text.HAL_DMA_Init
                0x0000000008002e10       0x7c ./Drivers/STM32F1xx_HAL_Driver/Src/stm32f1xx_hal_dma.o
                0x0000000008002e10                HAL_DMA_Init
 .text.HAL_DMA_Start_IT
                0x0000000008002e8c       0x78 ./Drivers/STM32F1xx_HAL_Driver/Src/stm32f1xx_hal_dma.o
                0x0000000008002e8c                HAL_DMA_Start_IT
 .text.HAL_DMA_IRQHandler
                0x0000000008002f04      0x27c ./Drivers/STM32F1xx_HAL_Driver/Src/stm32f1xx_hal_dma.o
                0x0000000008002f04                HAL_DMA_IRQHandler
 .text.HAL_GPIO_Init
                0x0000000008003180      0x1d0 ./Drivers/STM32F1xx_HAL_Driver/Src/stm32f1xx_hal_gpio.o
                0x0000000008003180                HAL_GPIO_Init
 .text.HAL_GPIO_ReadPin
                0x0000000008003350        0xc ./Drivers/STM32F1xx_HAL_Driver/Src/stm32f1xx_hal_gpio.o
                0x0000000008003350                HAL_GPIO_ReadPin
 .text.HAL_GPIO_WritePin
                0x000000000800335c        0xa ./Drivers/STM32F1xx_HAL_Driver/Src/stm32f1xx_hal_gpio.o
                0x000000000800335c                HAL_GPIO_WritePin
 *fill*         0x0000000008003366        0x2 
 .text.HAL_GPIO_EXTI_IRQHandler
                0x0000000008003368       0x18 ./Drivers/STM32F1xx_HAL_Driver/Src/stm32f1xx_hal_gpio.o
                0x0000000008003368                HAL_GPIO_EXTI_IRQHandler
 .text.HAL_I2S_Init
                0x0000000008003380       0xf4 ./Drivers/STM32F1xx_HAL_Driver/Src/stm32f1xx_hal_i2s.o
                0x0000000008003380                HAL_I2S_Init
 .text.HAL_I2S_Transmit_DMA
                0x0000000008003474       0xc4 ./Drivers/STM32F1xx_HAL_Driver/Src/stm32f1xx_hal_i2s.o
                0x0000000008003474                HAL_I2S_Transmit_DMA
 .text.I2S_DMATxHalfCplt
                0x0000000008003538        0xa ./Drivers/STM32F1xx_HAL_Driver/Src/stm32f1xx_hal_i2s.o
 .text.I2S_DMATxCplt
                0x0000000008003542       0x22 ./Drivers/STM32F1xx_HAL_Driver/Src/stm32f1xx_hal_i2s.o
 .text.HAL_I2S_ErrorCallback
                0x0000000008003564        0x2 ./Drivers/STM32F1xx_HAL_Driver/Src/stm32f1xx_hal_i2s.o
                0x0000000008003564                HAL_I2S_ErrorCallback
 .text.I2S_DMAError
                0x0000000008003566       0x28 ./Drivers/STM32F1xx_HAL_Driver/Src/stm32f1xx_hal_i2s.o
 *fill*         0x000000000800358e        0x2 
 .text.HAL_RCC_OscConfig
                0x0000000008003590      0x338 ./Drivers/STM32F1xx_HAL_Driver/Src/stm32f1xx_hal_rcc.o
                0x0000000008003590                HAL_RCC_OscConfig
 .text.HAL_RCC_MCOConfig
                0x00000000080038c8       0x4c ./Drivers/STM32F1xx_HAL_Driver/Src/stm32f1xx_hal_rcc.o
                0x00000000080038c8                HAL_RCC_MCOConfig
 .text.HAL_RCC_GetSysClockFreq
                0x0000000008003914       0x74 ./Drivers/STM32F1xx_HAL_Driver/Src/stm32f1xx_hal_rcc.o
                0x0000000008003914                HAL_RCC_GetSysClockFreq
 .text.HAL_RCC_ClockConfig
                0x0000000008003988      0x138 ./Drivers/STM32F1xx_HAL_Driver/Src/stm32f1xx_hal_rcc.o
                0x0000000008003988                HAL_RCC_ClockConfig
 .text.HAL_RCC_GetPCLK2Freq
                0x0000000008003ac0       0x20 ./Drivers/STM32F1xx_HAL_Driver/Src/stm32f1xx_hal_rcc.o
                0x0000000008003ac0                HAL_RCC_GetPCLK2Freq
 .text.HAL_RCCEx_PeriphCLKConfig
                0x0000000008003ae0       0xf4 ./Drivers/STM32F1xx_HAL_Driver/Src/stm32f1xx_hal_rcc_ex.o
                0x0000000008003ae0                HAL_RCCEx_PeriphCLKConfig
 .text.HAL_RCCEx_GetPeriphCLKFreq
                0x0000000008003bd4      0x10c ./Drivers/STM32F1xx_HAL_Driver/Src/stm32f1xx_hal_rcc_ex.o
                0x0000000008003bd4                HAL_RCCEx_GetPeriphCLKFreq
 .text.HAL_SD_ReadBlocks
                0x0000000008003ce0      0x208 ./Drivers/STM32F1xx_HAL_Driver/Src/stm32f1xx_hal_sd.o
                0x0000000008003ce0                HAL_SD_ReadBlocks
 .text.HAL_SD_WriteBlocks
                0x0000000008003ee8      0x1a0 ./Drivers/STM32F1xx_HAL_Driver/Src/stm32f1xx_hal_sd.o
                0x0000000008003ee8                HAL_SD_WriteBlocks
 .text.HAL_SD_GetCardCSD
                0x0000000008004088      0x16c ./Drivers/STM32F1xx_HAL_Driver/Src/stm32f1xx_hal_sd.o
                0x0000000008004088                HAL_SD_GetCardCSD
 .text.HAL_SD_InitCard
                0x00000000080041f4      0x20c ./Drivers/STM32F1xx_HAL_Driver/Src/stm32f1xx_hal_sd.o
                0x00000000080041f4                HAL_SD_InitCard
 .text.HAL_SD_Init
                0x0000000008004400       0x36 ./Drivers/STM32F1xx_HAL_Driver/Src/stm32f1xx_hal_sd.o
                0x0000000008004400                HAL_SD_Init
 .text.HAL_SD_GetCardInfo
                0x0000000008004436       0x24 ./Drivers/STM32F1xx_HAL_Driver/Src/stm32f1xx_hal_sd.o
                0x0000000008004436                HAL_SD_GetCardInfo
 .text.HAL_SD_GetCardState
                0x000000000800445a       0x28 ./Drivers/STM32F1xx_HAL_Driver/Src/stm32f1xx_hal_sd.o
                0x000000000800445a                HAL_SD_GetCardState
 .text.HAL_SRAM_Init
                0x0000000008004482       0x62 ./Drivers/STM32F1xx_HAL_Driver/Src/stm32f1xx_hal_sram.o
                0x0000000008004482                HAL_SRAM_Init
 .text.HAL_TIM_PeriodElapsedCallback
                0x00000000080044e4        0x2 ./Drivers/STM32F1xx_HAL_Driver/Src/stm32f1xx_hal_tim.o
                0x00000000080044e4                HAL_TIM_PeriodElapsedCallback
 .text.HAL_TIM_PeriodElapsedHalfCpltCallback
                0x00000000080044e6        0x2 ./Drivers/STM32F1xx_HAL_Driver/Src/stm32f1xx_hal_tim.o
                0x00000000080044e6                HAL_TIM_PeriodElapsedHalfCpltCallback
 .text.HAL_TIM_OC_DelayElapsedCallback
                0x00000000080044e8        0x2 ./Drivers/STM32F1xx_HAL_Driver/Src/stm32f1xx_hal_tim.o
                0x00000000080044e8                HAL_TIM_OC_DelayElapsedCallback
 .text.HAL_TIM_IC_CaptureCallback
                0x00000000080044ea        0x2 ./Drivers/STM32F1xx_HAL_Driver/Src/stm32f1xx_hal_tim.o
                0x00000000080044ea                HAL_TIM_IC_CaptureCallback
 .text.HAL_TIM_IC_CaptureHalfCpltCallback
                0x00000000080044ec        0x2 ./Drivers/STM32F1xx_HAL_Driver/Src/stm32f1xx_hal_tim.o
                0x00000000080044ec                HAL_TIM_IC_CaptureHalfCpltCallback
 .text.HAL_TIM_PWM_PulseFinishedCallback
                0x00000000080044ee        0x2 ./Drivers/STM32F1xx_HAL_Driver/Src/stm32f1xx_hal_tim.o
                0x00000000080044ee                HAL_TIM_PWM_PulseFinishedCallback
 .text.HAL_TIM_PWM_PulseFinishedHalfCpltCallback
                0x00000000080044f0        0x2 ./Drivers/STM32F1xx_HAL_Driver/Src/stm32f1xx_hal_tim.o
                0x00000000080044f0                HAL_TIM_PWM_PulseFinishedHalfCpltCallback
 .text.HAL_TIM_TriggerCallback
                0x00000000080044f2        0x2 ./Drivers/STM32F1xx_HAL_Driver/Src/stm32f1xx_hal_tim.o
                0x00000000080044f2                HAL_TIM_TriggerCallback
 .text.HAL_TIM_TriggerHalfCpltCallback
                0x00000000080044f4        0x2 ./Drivers/STM32F1xx_HAL_Driver/Src/stm32f1xx_hal_tim.o
                0x00000000080044f4                HAL_TIM_TriggerHalfCpltCallback
 .text.HAL_TIM_ErrorCallback
                0x00000000080044f6        0x2 ./Drivers/STM32F1xx_HAL_Driver/Src/stm32f1xx_hal_tim.o
                0x00000000080044f6                HAL_TIM_ErrorCallback
 .text.HAL_TIM_IRQHandler
                0x00000000080044f8      0x15c ./Drivers/STM32F1xx_HAL_Driver/Src/stm32f1xx_hal_tim.o
                0x00000000080044f8                HAL_TIM_IRQHandler
 .text.TIM_Base_SetConfig
                0x0000000008004654       0x98 ./Drivers/STM32F1xx_HAL_Driver/Src/stm32f1xx_hal_tim.o
                0x0000000008004654                TIM_Base_SetConfig
 .text.TIM_ETR_SetConfig
                0x00000000080046ec       0x14 ./Drivers/STM32F1xx_HAL_Driver/Src/stm32f1xx_hal_tim.o
                0x00000000080046ec                TIM_ETR_SetConfig
 .text.HAL_TIM_ConfigClockSource
                0x0000000008004700      0x128 ./Drivers/STM32F1xx_HAL_Driver/Src/stm32f1xx_hal_tim.o
                0x0000000008004700                HAL_TIM_ConfigClockSource
 .text.TIM_SlaveTimer_SetConfig
                0x0000000008004828       0xa4 ./Drivers/STM32F1xx_HAL_Driver/Src/stm32f1xx_hal_tim.o
 .text.HAL_TIM_SlaveConfigSynchro
                0x00000000080048cc       0x4e ./Drivers/STM32F1xx_HAL_Driver/Src/stm32f1xx_hal_tim.o
                0x00000000080048cc                HAL_TIM_SlaveConfigSynchro
 *fill*         0x000000000800491a        0x2 
 .text.TIM_ResetCallback
                0x000000000800491c       0x84 ./Drivers/STM32F1xx_HAL_Driver/Src/stm32f1xx_hal_tim.o
                0x000000000800491c                TIM_ResetCallback
 .text.HAL_TIM_Base_Init
                0x00000000080049a0       0x6c ./Drivers/STM32F1xx_HAL_Driver/Src/stm32f1xx_hal_tim.o
                0x00000000080049a0                HAL_TIM_Base_Init
 .text.HAL_TIMEx_MasterConfigSynchronization
                0x0000000008004a0c       0x6c ./Drivers/STM32F1xx_HAL_Driver/Src/stm32f1xx_hal_tim_ex.o
                0x0000000008004a0c                HAL_TIMEx_MasterConfigSynchronization
 .text.HAL_TIMEx_CommutCallback
                0x0000000008004a78        0x2 ./Drivers/STM32F1xx_HAL_Driver/Src/stm32f1xx_hal_tim_ex.o
                0x0000000008004a78                HAL_TIMEx_CommutCallback
 .text.HAL_TIMEx_CommutHalfCpltCallback
                0x0000000008004a7a        0x2 ./Drivers/STM32F1xx_HAL_Driver/Src/stm32f1xx_hal_tim_ex.o
                0x0000000008004a7a                HAL_TIMEx_CommutHalfCpltCallback
 .text.HAL_TIMEx_BreakCallback
                0x0000000008004a7c        0x2 ./Drivers/STM32F1xx_HAL_Driver/Src/stm32f1xx_hal_tim_ex.o
                0x0000000008004a7c                HAL_TIMEx_BreakCallback
 *fill*         0x0000000008004a7e        0x2 
 .text.FSMC_NORSRAM_Init
                0x0000000008004a80       0x64 ./Drivers/STM32F1xx_HAL_Driver/Src/stm32f1xx_ll_fsmc.o
                0x0000000008004a80                FSMC_NORSRAM_Init
 .text.FSMC_NORSRAM_Timing_Init
                0x0000000008004ae4       0x3c ./Drivers/STM32F1xx_HAL_Driver/Src/stm32f1xx_ll_fsmc.o
                0x0000000008004ae4                FSMC_NORSRAM_Timing_Init
 .text.FSMC_NORSRAM_Extended_Timing_Init
                0x0000000008004b20       0x3c ./Drivers/STM32F1xx_HAL_Driver/Src/stm32f1xx_ll_fsmc.o
                0x0000000008004b20                FSMC_NORSRAM_Extended_Timing_Init
 .text.SDMMC_GetCmdResp2
                0x0000000008004b5c       0x4c ./Drivers/STM32F1xx_HAL_Driver/Src/stm32f1xx_ll_sdmmc.o
 .text.SDMMC_GetCmdResp3
                0x0000000008004ba8       0x40 ./Drivers/STM32F1xx_HAL_Driver/Src/stm32f1xx_ll_sdmmc.o
 .text.SDMMC_GetCmdResp1
                0x0000000008004be8      0x120 ./Drivers/STM32F1xx_HAL_Driver/Src/stm32f1xx_ll_sdmmc.o
 .text.SDIO_Init
                0x0000000008004d08       0x38 ./Drivers/STM32F1xx_HAL_Driver/Src/stm32f1xx_ll_sdmmc.o
                0x0000000008004d08                SDIO_Init
 .text.SDIO_ReadFIFO
                0x0000000008004d40        0x6 ./Drivers/STM32F1xx_HAL_Driver/Src/stm32f1xx_ll_sdmmc.o
                0x0000000008004d40                SDIO_ReadFIFO
 .text.SDIO_WriteFIFO
                0x0000000008004d46        0xa ./Drivers/STM32F1xx_HAL_Driver/Src/stm32f1xx_ll_sdmmc.o
                0x0000000008004d46                SDIO_WriteFIFO
 .text.SDIO_PowerState_ON
                0x0000000008004d50       0x10 ./Drivers/STM32F1xx_HAL_Driver/Src/stm32f1xx_ll_sdmmc.o
                0x0000000008004d50                SDIO_PowerState_ON
 .text.SDIO_GetPowerState
                0x0000000008004d60        0x8 ./Drivers/STM32F1xx_HAL_Driver/Src/stm32f1xx_ll_sdmmc.o
                0x0000000008004d60                SDIO_GetPowerState
 .text.SDIO_SendCommand
                0x0000000008004d68       0x26 ./Drivers/STM32F1xx_HAL_Driver/Src/stm32f1xx_ll_sdmmc.o
                0x0000000008004d68                SDIO_SendCommand
 .text.SDIO_GetResponse
                0x0000000008004d8e        0x6 ./Drivers/STM32F1xx_HAL_Driver/Src/stm32f1xx_ll_sdmmc.o
                0x0000000008004d8e                SDIO_GetResponse
 .text.SDIO_ConfigData
                0x0000000008004d94       0x26 ./Drivers/STM32F1xx_HAL_Driver/Src/stm32f1xx_ll_sdmmc.o
                0x0000000008004d94                SDIO_ConfigData
 .text.SDMMC_CmdBlockLength
                0x0000000008004dba       0x30 ./Drivers/STM32F1xx_HAL_Driver/Src/stm32f1xx_ll_sdmmc.o
                0x0000000008004dba                SDMMC_CmdBlockLength
 .text.SDMMC_CmdReadSingleBlock
                0x0000000008004dea       0x30 ./Drivers/STM32F1xx_HAL_Driver/Src/stm32f1xx_ll_sdmmc.o
                0x0000000008004dea                SDMMC_CmdReadSingleBlock
 .text.SDMMC_CmdReadMultiBlock
                0x0000000008004e1a       0x30 ./Drivers/STM32F1xx_HAL_Driver/Src/stm32f1xx_ll_sdmmc.o
                0x0000000008004e1a                SDMMC_CmdReadMultiBlock
 .text.SDMMC_CmdWriteSingleBlock
                0x0000000008004e4a       0x30 ./Drivers/STM32F1xx_HAL_Driver/Src/stm32f1xx_ll_sdmmc.o
                0x0000000008004e4a                SDMMC_CmdWriteSingleBlock
 .text.SDMMC_CmdWriteMultiBlock
                0x0000000008004e7a       0x30 ./Drivers/STM32F1xx_HAL_Driver/Src/stm32f1xx_ll_sdmmc.o
                0x0000000008004e7a                SDMMC_CmdWriteMultiBlock
 *fill*         0x0000000008004eaa        0x2 
 .text.SDMMC_CmdStopTransfer
                0x0000000008004eac       0x34 ./Drivers/STM32F1xx_HAL_Driver/Src/stm32f1xx_ll_sdmmc.o
                0x0000000008004eac                SDMMC_CmdStopTransfer
 .text.SDMMC_CmdSelDesel
                0x0000000008004ee0       0x30 ./Drivers/STM32F1xx_HAL_Driver/Src/stm32f1xx_ll_sdmmc.o
                0x0000000008004ee0                SDMMC_CmdSelDesel
 .text.SDMMC_CmdGoIdleState
                0x0000000008004f10       0x4c ./Drivers/STM32F1xx_HAL_Driver/Src/stm32f1xx_ll_sdmmc.o
                0x0000000008004f10                SDMMC_CmdGoIdleState
 .text.SDMMC_CmdOperCond
                0x0000000008004f5c       0x78 ./Drivers/STM32F1xx_HAL_Driver/Src/stm32f1xx_ll_sdmmc.o
                0x0000000008004f5c                SDMMC_CmdOperCond
 .text.SDMMC_CmdAppCommand
                0x0000000008004fd4       0x30 ./Drivers/STM32F1xx_HAL_Driver/Src/stm32f1xx_ll_sdmmc.o
                0x0000000008004fd4                SDMMC_CmdAppCommand
 .text.SDMMC_CmdAppOperCommand
                0x0000000008005004       0x32 ./Drivers/STM32F1xx_HAL_Driver/Src/stm32f1xx_ll_sdmmc.o
                0x0000000008005004                SDMMC_CmdAppOperCommand
 .text.SDMMC_CmdSendCID
                0x0000000008005036       0x2a ./Drivers/STM32F1xx_HAL_Driver/Src/stm32f1xx_ll_sdmmc.o
                0x0000000008005036                SDMMC_CmdSendCID
 .text.SDMMC_CmdSendCSD
                0x0000000008005060       0x2a ./Drivers/STM32F1xx_HAL_Driver/Src/stm32f1xx_ll_sdmmc.o
                0x0000000008005060                SDMMC_CmdSendCSD
 *fill*         0x000000000800508a        0x2 
 .text.SDMMC_CmdSetRelAdd
                0x000000000800508c       0xa4 ./Drivers/STM32F1xx_HAL_Driver/Src/stm32f1xx_ll_sdmmc.o
                0x000000000800508c                SDMMC_CmdSetRelAdd
 .text.SDMMC_CmdSendStatus
                0x0000000008005130       0x30 ./Drivers/STM32F1xx_HAL_Driver/Src/stm32f1xx_ll_sdmmc.o
                0x0000000008005130                SDMMC_CmdSendStatus
 .text.MX_FATFS_Init
                0x0000000008005160       0x1c ./FATFS/App/fatfs.o
                0x0000000008005160                MX_FATFS_Init
 .text.get_fattime
                0x000000000800517c        0x4 ./FATFS/App/fatfs.o
                0x000000000800517c                get_fattime
 .text.BSP_SD_ReadBlocks
                0x0000000008005180       0x20 ./FATFS/Target/bsp_driver_sd.o
                0x0000000008005180                BSP_SD_ReadBlocks
 .text.BSP_SD_WriteBlocks
                0x00000000080051a0       0x20 ./FATFS/Target/bsp_driver_sd.o
                0x00000000080051a0                BSP_SD_WriteBlocks
 .text.BSP_SD_GetCardState
                0x00000000080051c0       0x14 ./FATFS/Target/bsp_driver_sd.o
                0x00000000080051c0                BSP_SD_GetCardState
 .text.BSP_SD_GetCardInfo
                0x00000000080051d4        0xc ./FATFS/Target/bsp_driver_sd.o
                0x00000000080051d4                BSP_SD_GetCardInfo
 .text.BSP_SD_IsDetected
                0x00000000080051e0       0x10 ./FATFS/Target/bsp_driver_sd.o
                0x00000000080051e0                BSP_SD_IsDetected
 .text.BSP_SD_Init
                0x00000000080051f0       0x1c ./FATFS/Target/bsp_driver_sd.o
                0x00000000080051f0                BSP_SD_Init
 .text.disk_status
                0x000000000800520c       0x14 ./Middlewares/Third_Party/FatFs/src/diskio.o
                0x000000000800520c                disk_status
 .text.disk_initialize
                0x0000000008005220       0x20 ./Middlewares/Third_Party/FatFs/src/diskio.o
                0x0000000008005220                disk_initialize
 .text.disk_read
                0x0000000008005240       0x1c ./Middlewares/Third_Party/FatFs/src/diskio.o
                0x0000000008005240                disk_read
 .text.disk_write
                0x000000000800525c       0x1c ./Middlewares/Third_Party/FatFs/src/diskio.o
                0x000000000800525c                disk_write
 .text.disk_ioctl
                0x0000000008005278       0x18 ./Middlewares/Third_Party/FatFs/src/diskio.o
                0x0000000008005278                disk_ioctl
 .text.mem_cpy  0x0000000008005290       0x14 ./Middlewares/Third_Party/FatFs/src/ff.o
 .text.mem_set  0x00000000080052a4        0xe ./Middlewares/Third_Party/FatFs/src/ff.o
 *fill*         0x00000000080052b2        0x2 
 .text.chk_lock
                0x00000000080052b4       0x84 ./Middlewares/Third_Party/FatFs/src/ff.o
 .text.inc_lock
                0x0000000008005338       0x98 ./Middlewares/Third_Party/FatFs/src/ff.o
 .text.dec_lock
                0x00000000080053d0       0x40 ./Middlewares/Third_Party/FatFs/src/ff.o
 .text.clear_lock
                0x0000000008005410       0x1c ./Middlewares/Third_Party/FatFs/src/ff.o
 .text.clmt_clust
                0x000000000800542c       0x28 ./Middlewares/Third_Party/FatFs/src/ff.o
 .text.get_fileinfo
                0x0000000008005454       0x4c ./Middlewares/Third_Party/FatFs/src/ff.o
 .text.get_ldnumber
                0x00000000080054a0       0x30 ./Middlewares/Third_Party/FatFs/src/ff.o
 .text.validate
                0x00000000080054d0       0x2e ./Middlewares/Third_Party/FatFs/src/ff.o
 .text.sync_window.part.0
                0x00000000080054fe       0x54 ./Middlewares/Third_Party/FatFs/src/ff.o
 .text.sync_window
                0x0000000008005552        0xe ./Middlewares/Third_Party/FatFs/src/ff.o
 .text.move_window
                0x0000000008005560       0x36 ./Middlewares/Third_Party/FatFs/src/ff.o
 *fill*         0x0000000008005596        0x2 
 .text.check_fs
                0x0000000008005598       0x50 ./Middlewares/Third_Party/FatFs/src/ff.o
 .text.find_volume
                0x00000000080055e8      0x238 ./Middlewares/Third_Party/FatFs/src/ff.o
 .text.sync_fs  0x0000000008005820       0x84 ./Middlewares/Third_Party/FatFs/src/ff.o
 .text.ld_clust.isra.0
                0x00000000080058a4       0x10 ./Middlewares/Third_Party/FatFs/src/ff.o
 .text.clust2sect
                0x00000000080058b4       0x1c ./Middlewares/Third_Party/FatFs/src/ff.o
                0x00000000080058b4                clust2sect
 .text.get_fat  0x00000000080058d0       0xc2 ./Middlewares/Third_Party/FatFs/src/ff.o
                0x00000000080058d0                get_fat
 .text.dir_sdi  0x0000000008005992       0x9c ./Middlewares/Third_Party/FatFs/src/ff.o
 .text.put_fat  0x0000000008005a2e       0xf4 ./Middlewares/Third_Party/FatFs/src/ff.o
                0x0000000008005a2e                put_fat
 .text.create_chain
                0x0000000008005b22       0xb2 ./Middlewares/Third_Party/FatFs/src/ff.o
 .text.dir_next
                0x0000000008005bd4      0x116 ./Middlewares/Third_Party/FatFs/src/ff.o
 *fill*         0x0000000008005cea        0x2 
 .text.follow_path
                0x0000000008005cec      0x1a0 ./Middlewares/Third_Party/FatFs/src/ff.o
 .text.dir_read.constprop.0
                0x0000000008005e8c       0x58 ./Middlewares/Third_Party/FatFs/src/ff.o
 .text.dir_register
                0x0000000008005ee4       0x72 ./Middlewares/Third_Party/FatFs/src/ff.o
 .text.remove_chain
                0x0000000008005f56       0x66 ./Middlewares/Third_Party/FatFs/src/ff.o
 .text.f_mount  0x0000000008005fbc       0x58 ./Middlewares/Third_Party/FatFs/src/ff.o
                0x0000000008005fbc                f_mount
 .text.f_open   0x0000000008006014      0x180 ./Middlewares/Third_Party/FatFs/src/ff.o
                0x0000000008006014                f_open
 .text.f_read   0x0000000008006194      0x18e ./Middlewares/Third_Party/FatFs/src/ff.o
                0x0000000008006194                f_read
 .text.f_write  0x0000000008006322      0x1d2 ./Middlewares/Third_Party/FatFs/src/ff.o
                0x0000000008006322                f_write
 .text.f_sync   0x00000000080064f4       0xc2 ./Middlewares/Third_Party/FatFs/src/ff.o
                0x00000000080064f4                f_sync
 .text.f_close  0x00000000080065b6       0x22 ./Middlewares/Third_Party/FatFs/src/ff.o
                0x00000000080065b6                f_close
 .text.f_opendir
                0x00000000080065d8       0x9a ./Middlewares/Third_Party/FatFs/src/ff.o
                0x00000000080065d8                f_opendir
 .text.f_readdir
                0x0000000008006672       0x5a ./Middlewares/Third_Party/FatFs/src/ff.o
                0x0000000008006672                f_readdir
 .text.FATFS_LinkDriverEx
                0x00000000080066cc       0x44 ./Middlewares/Third_Party/FatFs/src/ff_gen_drv.o
                0x00000000080066cc                FATFS_LinkDriverEx
 .text.FATFS_LinkDriver
                0x0000000008006710        0x6 ./Middlewares/Third_Party/FatFs/src/ff_gen_drv.o
                0x0000000008006710                FATFS_LinkDriver
 *fill*         0x0000000008006716        0x2 
 .text.SD_initialize
                0x0000000008006718       0x20 ./Middlewares/Third_Party/FatFs/src/drivers/sd_diskio.o
                0x0000000008006718                SD_initialize
 .text.SD_status
                0x0000000008006738       0x20 ./Middlewares/Third_Party/FatFs/src/drivers/sd_diskio.o
                0x0000000008006738                SD_status
 .text.SD_ioctl
                0x0000000008006758       0x54 ./Middlewares/Third_Party/FatFs/src/drivers/sd_diskio.o
                0x0000000008006758                SD_ioctl
 .text.SD_write
                0x00000000080067ac       0x30 ./Middlewares/Third_Party/FatFs/src/drivers/sd_diskio.o
                0x00000000080067ac                SD_write
 .text.SD_read  0x00000000080067dc       0x30 ./Middlewares/Third_Party/FatFs/src/drivers/sd_diskio.o
                0x00000000080067dc                SD_read
 .text.__errno  0x000000000800680c        0xc c:/st/stm32cubeide_1.9.0/stm32cubeide/plugins/com.st.stm32cube.ide.mcu.externaltools.gnu-tools-for-stm32.10.3-2021.10.win32_1.0.0.202111181127/tools/bin/../lib/gcc/arm-none-eabi/10.3.1/../../../../arm-none-eabi/lib/thumb/v7-m/nofp\libc_nano.a(lib_a-errno.o)
                0x000000000800680c                __errno
 .text.__libc_init_array
                0x0000000008006818       0x48 c:/st/stm32cubeide_1.9.0/stm32cubeide/plugins/com.st.stm32cube.ide.mcu.externaltools.gnu-tools-for-stm32.10.3-2021.10.win32_1.0.0.202111181127/tools/bin/../lib/gcc/arm-none-eabi/10.3.1/../../../../arm-none-eabi/lib/thumb/v7-m/nofp\libc_nano.a(lib_a-init.o)
                0x0000000008006818                __libc_init_array
 .text.memcpy   0x0000000008006860       0x1c c:/st/stm32cubeide_1.9.0/stm32cubeide/plugins/com.st.stm32cube.ide.mcu.externaltools.gnu-tools-for-stm32.10.3-2021.10.win32_1.0.0.202111181127/tools/bin/../lib/gcc/arm-none-eabi/10.3.1/../../../../arm-none-eabi/lib/thumb/v7-m/nofp\libc_nano.a(lib_a-memcpy-stub.o)
                0x0000000008006860                memcpy
 .text.memmove  0x000000000800687c       0x34 c:/st/stm32cubeide_1.9.0/stm32cubeide/plugins/com.st.stm32cube.ide.mcu.externaltools.gnu-tools-for-stm32.10.3-2021.10.win32_1.0.0.202111181127/tools/bin/../lib/gcc/arm-none-eabi/10.3.1/../../../../arm-none-eabi/lib/thumb/v7-m/nofp\libc_nano.a(lib_a-memmove.o)
                0x000000000800687c                memmove
 .text.memset   0x00000000080068b0       0x10 c:/st/stm32cubeide_1.9.0/stm32cubeide/plugins/com.st.stm32cube.ide.mcu.externaltools.gnu-tools-for-stm32.10.3-2021.10.win32_1.0.0.202111181127/tools/bin/../lib/gcc/arm-none-eabi/10.3.1/../../../../arm-none-eabi/lib/thumb/v7-m/nofp\libc_nano.a(lib_a-memset.o)
                0x00000000080068b0                memset
 .text._free_r  0x00000000080068c0       0x90 c:/st/stm32cubeide_1.9.0/stm32cubeide/plugins/com.st.stm32cube.ide.mcu.externaltools.gnu-tools-for-stm32.10.3-2021.10.win32_1.0.0.202111181127/tools/bin/../lib/gcc/arm-none-eabi/10.3.1/../../../../arm-none-eabi/lib/thumb/v7-m/nofp\libc_nano.a(lib_a-nano-freer.o)
                0x00000000080068c0                _free_r
 .text.sbrk_aligned
                0x0000000008006950       0x40 c:/st/stm32cubeide_1.9.0/stm32cubeide/plugins/com.st.stm32cube.ide.mcu.externaltools.gnu-tools-for-stm32.10.3-2021.10.win32_1.0.0.202111181127/tools/bin/../lib/gcc/arm-none-eabi/10.3.1/../../../../arm-none-eabi/lib/thumb/v7-m/nofp\libc_nano.a(lib_a-nano-mallocr.o)
 .text._malloc_r
                0x0000000008006990       0xe8 c:/st/stm32cubeide_1.9.0/stm32cubeide/plugins/com.st.stm32cube.ide.mcu.externaltools.gnu-tools-for-stm32.10.3-2021.10.win32_1.0.0.202111181127/tools/bin/../lib/gcc/arm-none-eabi/10.3.1/../../../../arm-none-eabi/lib/thumb/v7-m/nofp\libc_nano.a(lib_a-nano-mallocr.o)
                0x0000000008006990                _malloc_r
 .text._sbrk_r  0x0000000008006a78       0x20 c:/st/stm32cubeide_1.9.0/stm32cubeide/plugins/com.st.stm32cube.ide.mcu.externaltools.gnu-tools-for-stm32.10.3-2021.10.win32_1.0.0.202111181127/tools/bin/../lib/gcc/arm-none-eabi/10.3.1/../../../../arm-none-eabi/lib/thumb/v7-m/nofp\libc_nano.a(lib_a-sbrkr.o)
                0x0000000008006a78                _sbrk_r
 .text.sprintf  0x0000000008006a98       0x40 c:/st/stm32cubeide_1.9.0/stm32cubeide/plugins/com.st.stm32cube.ide.mcu.externaltools.gnu-tools-for-stm32.10.3-2021.10.win32_1.0.0.202111181127/tools/bin/../lib/gcc/arm-none-eabi/10.3.1/../../../../arm-none-eabi/lib/thumb/v7-m/nofp\libc_nano.a(lib_a-sprintf.o)
                0x0000000008006a98                siprintf
                0x0000000008006a98                sprintf
 .text.strstr   0x0000000008006ad8       0x2c c:/st/stm32cubeide_1.9.0/stm32cubeide/plugins/com.st.stm32cube.ide.mcu.externaltools.gnu-tools-for-stm32.10.3-2021.10.win32_1.0.0.202111181127/tools/bin/../lib/gcc/arm-none-eabi/10.3.1/../../../../arm-none-eabi/lib/thumb/v7-m/nofp\libc_nano.a(lib_a-strstr.o)
                0x0000000008006ad8                strstr
 .text.__retarget_lock_acquire_recursive
                0x0000000008006b04        0x2 c:/st/stm32cubeide_1.9.0/stm32cubeide/plugins/com.st.stm32cube.ide.mcu.externaltools.gnu-tools-for-stm32.10.3-2021.10.win32_1.0.0.202111181127/tools/bin/../lib/gcc/arm-none-eabi/10.3.1/../../../../arm-none-eabi/lib/thumb/v7-m/nofp\libc_nano.a(lib_a-lock.o)
                0x0000000008006b04                __retarget_lock_acquire_recursive
 .text.__retarget_lock_release_recursive
                0x0000000008006b06        0x2 c:/st/stm32cubeide_1.9.0/stm32cubeide/plugins/com.st.stm32cube.ide.mcu.externaltools.gnu-tools-for-stm32.10.3-2021.10.win32_1.0.0.202111181127/tools/bin/../lib/gcc/arm-none-eabi/10.3.1/../../../../arm-none-eabi/lib/thumb/v7-m/nofp\libc_nano.a(lib_a-lock.o)
                0x0000000008006b06                __retarget_lock_release_recursive
 .text.__malloc_lock
                0x0000000008006b08        0xc c:/st/stm32cubeide_1.9.0/stm32cubeide/plugins/com.st.stm32cube.ide.mcu.externaltools.gnu-tools-for-stm32.10.3-2021.10.win32_1.0.0.202111181127/tools/bin/../lib/gcc/arm-none-eabi/10.3.1/../../../../arm-none-eabi/lib/thumb/v7-m/nofp\libc_nano.a(lib_a-mlock.o)
                0x0000000008006b08                __malloc_lock
 .text.__malloc_unlock
                0x0000000008006b14        0xc c:/st/stm32cubeide_1.9.0/stm32cubeide/plugins/com.st.stm32cube.ide.mcu.externaltools.gnu-tools-for-stm32.10.3-2021.10.win32_1.0.0.202111181127/tools/bin/../lib/gcc/arm-none-eabi/10.3.1/../../../../arm-none-eabi/lib/thumb/v7-m/nofp\libc_nano.a(lib_a-mlock.o)
                0x0000000008006b14                __malloc_unlock
 .text.__ssputs_r
                0x0000000008006b20       0xb6 c:/st/stm32cubeide_1.9.0/stm32cubeide/plugins/com.st.stm32cube.ide.mcu.externaltools.gnu-tools-for-stm32.10.3-2021.10.win32_1.0.0.202111181127/tools/bin/../lib/gcc/arm-none-eabi/10.3.1/../../../../arm-none-eabi/lib/thumb/v7-m/nofp\libc_nano.a(lib_a-nano-svfprintf.o)
                0x0000000008006b20                __ssputs_r
 *fill*         0x0000000008006bd6        0x2 
 .text._svfprintf_r
                0x0000000008006bd8      0x200 c:/st/stm32cubeide_1.9.0/stm32cubeide/plugins/com.st.stm32cube.ide.mcu.externaltools.gnu-tools-for-stm32.10.3-2021.10.win32_1.0.0.202111181127/tools/bin/../lib/gcc/arm-none-eabi/10.3.1/../../../../arm-none-eabi/lib/thumb/v7-m/nofp\libc_nano.a(lib_a-nano-svfprintf.o)
                0x0000000008006bd8                _svfiprintf_r
                0x0000000008006bd8                _svfprintf_r
 .text._printf_common
                0x0000000008006dd8       0xde c:/st/stm32cubeide_1.9.0/stm32cubeide/plugins/com.st.stm32cube.ide.mcu.externaltools.gnu-tools-for-stm32.10.3-2021.10.win32_1.0.0.202111181127/tools/bin/../lib/gcc/arm-none-eabi/10.3.1/../../../../arm-none-eabi/lib/thumb/v7-m/nofp\libc_nano.a(lib_a-nano-vfprintf_i.o)
                0x0000000008006dd8                _printf_common
 *fill*         0x0000000008006eb6        0x2 
 .text._printf_i
                0x0000000008006eb8      0x24c c:/st/stm32cubeide_1.9.0/stm32cubeide/plugins/com.st.stm32cube.ide.mcu.externaltools.gnu-tools-for-stm32.10.3-2021.10.win32_1.0.0.202111181127/tools/bin/../lib/gcc/arm-none-eabi/10.3.1/../../../../arm-none-eabi/lib/thumb/v7-m/nofp\libc_nano.a(lib_a-nano-vfprintf_i.o)
                0x0000000008006eb8                _printf_i
 .text.memchr   0x0000000008007104       0x1c c:/st/stm32cubeide_1.9.0/stm32cubeide/plugins/com.st.stm32cube.ide.mcu.externaltools.gnu-tools-for-stm32.10.3-2021.10.win32_1.0.0.202111181127/tools/bin/../lib/gcc/arm-none-eabi/10.3.1/../../../../arm-none-eabi/lib/thumb/v7-m/nofp\libc_nano.a(lib_a-memchr-stub.o)
                0x0000000008007104                memchr
 .text._realloc_r
                0x0000000008007120       0x5e c:/st/stm32cubeide_1.9.0/stm32cubeide/plugins/com.st.stm32cube.ide.mcu.externaltools.gnu-tools-for-stm32.10.3-2021.10.win32_1.0.0.202111181127/tools/bin/../lib/gcc/arm-none-eabi/10.3.1/../../../../arm-none-eabi/lib/thumb/v7-m/nofp\libc_nano.a(lib_a-nano-reallocr.o)
                0x0000000008007120                _realloc_r
 .text._malloc_usable_size_r
                0x000000000800717e       0x10 c:/st/stm32cubeide_1.9.0/stm32cubeide/plugins/com.st.stm32cube.ide.mcu.externaltools.gnu-tools-for-stm32.10.3-2021.10.win32_1.0.0.202111181127/tools/bin/../lib/gcc/arm-none-eabi/10.3.1/../../../../arm-none-eabi/lib/thumb/v7-m/nofp\libc_nano.a(lib_a-nano-msizer.o)
                0x000000000800717e                _malloc_usable_size_r
 *fill*         0x000000000800718e        0x2 
 .text.sin      0x0000000008007190       0x8c c:/st/stm32cubeide_1.9.0/stm32cubeide/plugins/com.st.stm32cube.ide.mcu.externaltools.gnu-tools-for-stm32.10.3-2021.10.win32_1.0.0.202111181127/tools/bin/../lib/gcc/arm-none-eabi/10.3.1/../../../../arm-none-eabi/lib/thumb/v7-m/nofp\libm.a(lib_a-s_sin.o)
                0x0000000008007190                sin
 *fill*         0x000000000800721c        0x4 
 .text.__ieee754_rem_pio2
                0x0000000008007220      0x3f0 c:/st/stm32cubeide_1.9.0/stm32cubeide/plugins/com.st.stm32cube.ide.mcu.externaltools.gnu-tools-for-stm32.10.3-2021.10.win32_1.0.0.202111181127/tools/bin/../lib/gcc/arm-none-eabi/10.3.1/../../../../arm-none-eabi/lib/thumb/v7-m/nofp\libm.a(lib_a-e_rem_pio2.o)
                0x0000000008007220                __ieee754_rem_pio2
 .text.__kernel_cos
                0x0000000008007610      0x17c c:/st/stm32cubeide_1.9.0/stm32cubeide/plugins/com.st.stm32cube.ide.mcu.externaltools.gnu-tools-for-stm32.10.3-2021.10.win32_1.0.0.202111181127/tools/bin/../lib/gcc/arm-none-eabi/10.3.1/../../../../arm-none-eabi/lib/thumb/v7-m/nofp\libm.a(lib_a-k_cos.o)
                0x0000000008007610                __kernel_cos
 .text.__kernel_rem_pio2
                0x000000000800778c      0x684 c:/st/stm32cubeide_1.9.0/stm32cubeide/plugins/com.st.stm32cube.ide.mcu.externaltools.gnu-tools-for-stm32.10.3-2021.10.win32_1.0.0.202111181127/tools/bin/../lib/gcc/arm-none-eabi/10.3.1/../../../../arm-none-eabi/lib/thumb/v7-m/nofp\libm.a(lib_a-k_rem_pio2.o)
                0x000000000800778c                __kernel_rem_pio2
 .text.__kernel_sin
                0x0000000008007e10      0x16c c:/st/stm32cubeide_1.9.0/stm32cubeide/plugins/com.st.stm32cube.ide.mcu.externaltools.gnu-tools-for-stm32.10.3-2021.10.win32_1.0.0.202111181127/tools/bin/../lib/gcc/arm-none-eabi/10.3.1/../../../../arm-none-eabi/lib/thumb/v7-m/nofp\libm.a(lib_a-k_sin.o)
                0x0000000008007e10                __kernel_sin
 .text.fabs     0x0000000008007f7c        0x6 c:/st/stm32cubeide_1.9.0/stm32cubeide/plugins/com.st.stm32cube.ide.mcu.externaltools.gnu-tools-for-stm32.10.3-2021.10.win32_1.0.0.202111181127/tools/bin/../lib/gcc/arm-none-eabi/10.3.1/../../../../arm-none-eabi/lib/thumb/v7-m/nofp\libm.a(lib_a-s_fabs.o)
                0x0000000008007f7c                fabs
 *fill*         0x0000000008007f82        0x6 
 .text.floor    0x0000000008007f88      0x100 c:/st/stm32cubeide_1.9.0/stm32cubeide/plugins/com.st.stm32cube.ide.mcu.externaltools.gnu-tools-for-stm32.10.3-2021.10.win32_1.0.0.202111181127/tools/bin/../lib/gcc/arm-none-eabi/10.3.1/../../../../arm-none-eabi/lib/thumb/v7-m/nofp\libm.a(lib_a-s_floor.o)
                0x0000000008007f88                floor
 .text.scalbn   0x0000000008008088       0xfc c:/st/stm32cubeide_1.9.0/stm32cubeide/plugins/com.st.stm32cube.ide.mcu.externaltools.gnu-tools-for-stm32.10.3-2021.10.win32_1.0.0.202111181127/tools/bin/../lib/gcc/arm-none-eabi/10.3.1/../../../../arm-none-eabi/lib/thumb/v7-m/nofp\libm.a(lib_a-s_scalbn.o)
                0x0000000008008088                scalbn
 *(.glue_7)
 .glue_7        0x0000000008008184        0x0 linker stubs
 *(.glue_7t)
 .glue_7t       0x0000000008008184        0x0 linker stubs
 *(.eh_frame)
 .eh_frame      0x0000000008008184        0x0 c:/st/stm32cubeide_1.9.0/stm32cubeide/plugins/com.st.stm32cube.ide.mcu.externaltools.gnu-tools-for-stm32.10.3-2021.10.win32_1.0.0.202111181127/tools/bin/../lib/gcc/arm-none-eabi/10.3.1/thumb/v7-m/nofp/crtbegin.o
 *(.init)
 .init          0x0000000008008184        0x4 c:/st/stm32cubeide_1.9.0/stm32cubeide/plugins/com.st.stm32cube.ide.mcu.externaltools.gnu-tools-for-stm32.10.3-2021.10.win32_1.0.0.202111181127/tools/bin/../lib/gcc/arm-none-eabi/10.3.1/thumb/v7-m/nofp/crti.o
                0x0000000008008184                _init
 .init          0x0000000008008188        0x8 c:/st/stm32cubeide_1.9.0/stm32cubeide/plugins/com.st.stm32cube.ide.mcu.externaltools.gnu-tools-for-stm32.10.3-2021.10.win32_1.0.0.202111181127/tools/bin/../lib/gcc/arm-none-eabi/10.3.1/thumb/v7-m/nofp/crtn.o
 *(.fini)
 .fini          0x0000000008008190        0x4 c:/st/stm32cubeide_1.9.0/stm32cubeide/plugins/com.st.stm32cube.ide.mcu.externaltools.gnu-tools-for-stm32.10.3-2021.10.win32_1.0.0.202111181127/tools/bin/../lib/gcc/arm-none-eabi/10.3.1/thumb/v7-m/nofp/crti.o
                0x0000000008008190                _fini
 .fini          0x0000000008008194        0x8 c:/st/stm32cubeide_1.9.0/stm32cubeide/plugins/com.st.stm32cube.ide.mcu.externaltools.gnu-tools-for-stm32.10.3-2021.10.win32_1.0.0.202111181127/tools/bin/../lib/gcc/arm-none-eabi/10.3.1/thumb/v7-m/nofp/crtn.o
                0x000000000800819c                . = ALIGN (0x4)
                0x000000000800819c                _etext = .

.vfp11_veneer   0x000000000800819c        0x0
 .vfp11_veneer  0x000000000800819c        0x0 linker stubs

.v4_bx          0x000000000800819c        0x0
 .v4_bx         0x000000000800819c        0x0 linker stubs

.iplt           0x000000000800819c        0x0
 .iplt          0x000000000800819c        0x0 c:/st/stm32cubeide_1.9.0/stm32cubeide/plugins/com.st.stm32cube.ide.mcu.externaltools.gnu-tools-for-stm32.10.3-2021.10.win32_1.0.0.202111181127/tools/bin/../lib/gcc/arm-none-eabi/10.3.1/thumb/v7-m/nofp/crtbegin.o

.rodata         0x00000000080081a0      0x9f8
                0x00000000080081a0                . = ALIGN (0x4)
 *(.rodata)
 .rodata        0x00000000080081a0       0x17 ./Core/Src/main.o
 *(.rodata*)
 .rodata.scanFiles.str1.1
                0x00000000080081b7       0x3d ./Core/Src/files.o
 .rodata.ucAscii_1608
                0x00000000080081f4      0x5f0 ./Core/Src/lcdtp.o
                0x00000000080081f4                ucAscii_1608
 .rodata.main.str1.1
                0x00000000080087e4       0x33 ./Core/Src/main.o
 .rodata.AHBPrescTable
                0x0000000008008817       0x10 ./Core/Src/system_stm32f1xx.o
                0x0000000008008817                AHBPrescTable
 .rodata.APBPrescTable
                0x0000000008008827        0x8 ./Core/Src/system_stm32f1xx.o
                0x0000000008008827                APBPrescTable
 .rodata.XPT2046_Touch_Calibrate.str1.1
                0x000000000800882f       0x49 ./Core/Src/xpt2046.o
 .rodata.HAL_RCC_GetSysClockFreq.str1.1
                0x0000000008008878       0x11 ./Drivers/STM32F1xx_HAL_Driver/Src/stm32f1xx_hal_rcc.o
 .rodata.HAL_RCCEx_GetPeriphCLKFreq.str1.1
                0x0000000008008889       0x11 ./Drivers/STM32F1xx_HAL_Driver/Src/stm32f1xx_hal_rcc_ex.o
 .rodata.follow_path.str1.1
                0x0000000008008889        0xf ./Middlewares/Third_Party/FatFs/src/ff.o
 .rodata.ExCvt  0x0000000008008898       0x80 ./Middlewares/Third_Party/FatFs/src/ff.o
 .rodata.SD_Driver
                0x0000000008008918       0x14 ./Middlewares/Third_Party/FatFs/src/drivers/sd_diskio.o
                0x0000000008008918                SD_Driver
 .rodata.__sf_fake_stderr
                0x000000000800892c       0x20 c:/st/stm32cubeide_1.9.0/stm32cubeide/plugins/com.st.stm32cube.ide.mcu.externaltools.gnu-tools-for-stm32.10.3-2021.10.win32_1.0.0.202111181127/tools/bin/../lib/gcc/arm-none-eabi/10.3.1/../../../../arm-none-eabi/lib/thumb/v7-m/nofp\libc_nano.a(lib_a-findfp.o)
                0x000000000800892c                __sf_fake_stderr
 .rodata.__sf_fake_stdin
                0x000000000800894c       0x20 c:/st/stm32cubeide_1.9.0/stm32cubeide/plugins/com.st.stm32cube.ide.mcu.externaltools.gnu-tools-for-stm32.10.3-2021.10.win32_1.0.0.202111181127/tools/bin/../lib/gcc/arm-none-eabi/10.3.1/../../../../arm-none-eabi/lib/thumb/v7-m/nofp\libc_nano.a(lib_a-findfp.o)
                0x000000000800894c                __sf_fake_stdin
 .rodata.__sf_fake_stdout
                0x000000000800896c       0x20 c:/st/stm32cubeide_1.9.0/stm32cubeide/plugins/com.st.stm32cube.ide.mcu.externaltools.gnu-tools-for-stm32.10.3-2021.10.win32_1.0.0.202111181127/tools/bin/../lib/gcc/arm-none-eabi/10.3.1/../../../../arm-none-eabi/lib/thumb/v7-m/nofp\libc_nano.a(lib_a-findfp.o)
                0x000000000800896c                __sf_fake_stdout
 .rodata._svfprintf_r.str1.1
                0x000000000800898c       0x11 c:/st/stm32cubeide_1.9.0/stm32cubeide/plugins/com.st.stm32cube.ide.mcu.externaltools.gnu-tools-for-stm32.10.3-2021.10.win32_1.0.0.202111181127/tools/bin/../lib/gcc/arm-none-eabi/10.3.1/../../../../arm-none-eabi/lib/thumb/v7-m/nofp\libc_nano.a(lib_a-nano-svfprintf.o)
 .rodata._printf_i.str1.1
                0x000000000800899d       0x22 c:/st/stm32cubeide_1.9.0/stm32cubeide/plugins/com.st.stm32cube.ide.mcu.externaltools.gnu-tools-for-stm32.10.3-2021.10.win32_1.0.0.202111181127/tools/bin/../lib/gcc/arm-none-eabi/10.3.1/../../../../arm-none-eabi/lib/thumb/v7-m/nofp\libc_nano.a(lib_a-nano-vfprintf_i.o)
 *fill*         0x00000000080089bf        0x1 
 .rodata.npio2_hw
                0x00000000080089c0       0x80 c:/st/stm32cubeide_1.9.0/stm32cubeide/plugins/com.st.stm32cube.ide.mcu.externaltools.gnu-tools-for-stm32.10.3-2021.10.win32_1.0.0.202111181127/tools/bin/../lib/gcc/arm-none-eabi/10.3.1/../../../../arm-none-eabi/lib/thumb/v7-m/nofp\libm.a(lib_a-e_rem_pio2.o)
 .rodata.two_over_pi
                0x0000000008008a40      0x108 c:/st/stm32cubeide_1.9.0/stm32cubeide/plugins/com.st.stm32cube.ide.mcu.externaltools.gnu-tools-for-stm32.10.3-2021.10.win32_1.0.0.202111181127/tools/bin/../lib/gcc/arm-none-eabi/10.3.1/../../../../arm-none-eabi/lib/thumb/v7-m/nofp\libm.a(lib_a-e_rem_pio2.o)
 .rodata.PIo2   0x0000000008008b48       0x40 c:/st/stm32cubeide_1.9.0/stm32cubeide/plugins/com.st.stm32cube.ide.mcu.externaltools.gnu-tools-for-stm32.10.3-2021.10.win32_1.0.0.202111181127/tools/bin/../lib/gcc/arm-none-eabi/10.3.1/../../../../arm-none-eabi/lib/thumb/v7-m/nofp\libm.a(lib_a-k_rem_pio2.o)
 .rodata.init_jk
                0x0000000008008b88       0x10 c:/st/stm32cubeide_1.9.0/stm32cubeide/plugins/com.st.stm32cube.ide.mcu.externaltools.gnu-tools-for-stm32.10.3-2021.10.win32_1.0.0.202111181127/tools/bin/../lib/gcc/arm-none-eabi/10.3.1/../../../../arm-none-eabi/lib/thumb/v7-m/nofp\libm.a(lib_a-k_rem_pio2.o)
                0x0000000008008b98                . = ALIGN (0x4)

.rel.dyn        0x0000000008008b98        0x0
 .rel.iplt      0x0000000008008b98        0x0 c:/st/stm32cubeide_1.9.0/stm32cubeide/plugins/com.st.stm32cube.ide.mcu.externaltools.gnu-tools-for-stm32.10.3-2021.10.win32_1.0.0.202111181127/tools/bin/../lib/gcc/arm-none-eabi/10.3.1/thumb/v7-m/nofp/crtbegin.o

.ARM.extab      0x0000000008008b98        0x0
                0x0000000008008b98                . = ALIGN (0x4)
 *(.ARM.extab* .gnu.linkonce.armextab.*)
                0x0000000008008b98                . = ALIGN (0x4)

.ARM            0x0000000008008b98        0x0
                0x0000000008008b98                . = ALIGN (0x4)
                0x0000000008008b98                __exidx_start = .
 *(.ARM.exidx*)
                0x0000000008008b98                __exidx_end = .
                0x0000000008008b98                . = ALIGN (0x4)

.preinit_array  0x0000000008008b98        0x0
                0x0000000008008b98                . = ALIGN (0x4)
                0x0000000008008b98                PROVIDE (__preinit_array_start = .)
 *(.preinit_array*)
                0x0000000008008b98                PROVIDE (__preinit_array_end = .)
                0x0000000008008b98                . = ALIGN (0x4)

.init_array     0x0000000008008b98        0x4
                0x0000000008008b98                . = ALIGN (0x4)
                0x0000000008008b98                PROVIDE (__init_array_start = .)
 *(SORT_BY_NAME(.init_array.*))
 *(.init_array*)
 .init_array    0x0000000008008b98        0x4 c:/st/stm32cubeide_1.9.0/stm32cubeide/plugins/com.st.stm32cube.ide.mcu.externaltools.gnu-tools-for-stm32.10.3-2021.10.win32_1.0.0.202111181127/tools/bin/../lib/gcc/arm-none-eabi/10.3.1/thumb/v7-m/nofp/crtbegin.o
                0x0000000008008b9c                PROVIDE (__init_array_end = .)
                0x0000000008008b9c                . = ALIGN (0x4)

.fini_array     0x0000000008008b9c        0x4
                0x0000000008008b9c                . = ALIGN (0x4)
                [!provide]                        PROVIDE (__fini_array_start = .)
 *(SORT_BY_NAME(.fini_array.*))
 *(.fini_array*)
 .fini_array    0x0000000008008b9c        0x4 c:/st/stm32cubeide_1.9.0/stm32cubeide/plugins/com.st.stm32cube.ide.mcu.externaltools.gnu-tools-for-stm32.10.3-2021.10.win32_1.0.0.202111181127/tools/bin/../lib/gcc/arm-none-eabi/10.3.1/thumb/v7-m/nofp/crtbegin.o
                [!provide]                        PROVIDE (__fini_array_end = .)
                0x0000000008008ba0                . = ALIGN (0x4)
                0x0000000008008ba0                _sidata = LOADADDR (.data)

.data           0x0000000020000000       0xb0 load address 0x0000000008008ba0
                0x0000000020000000                . = ALIGN (0x4)
                0x0000000020000000                _sdata = .
 *(.data)
 *(.data*)
 .data.updateLCDStartPlay
                0x0000000020000000        0x1 ./Core/Src/main.o
                0x0000000020000000                updateLCDStartPlay
 *fill*         0x0000000020000001        0x3 
 .data.volume   0x0000000020000004        0x4 ./Core/Src/pcm.o
                0x0000000020000004                volume
 .data.SystemCoreClock
                0x0000000020000008        0x4 ./Core/Src/system_stm32f1xx.o
                0x0000000020000008                SystemCoreClock
 *fill*         0x000000002000000c        0x4 
 .data.strXPT2046_TouchPara
                0x0000000020000010       0x30 ./Core/Src/xpt2046.o
                0x0000000020000010                strXPT2046_TouchPara
 .data.uwTickFreq
                0x0000000020000040        0x1 ./Drivers/STM32F1xx_HAL_Driver/Src/stm32f1xx_hal.o
                0x0000000020000040                uwTickFreq
 *fill*         0x0000000020000041        0x3 
 .data.uwTickPrio
                0x0000000020000044        0x4 ./Drivers/STM32F1xx_HAL_Driver/Src/stm32f1xx_hal.o
                0x0000000020000044                uwTickPrio
 .data.Stat     0x0000000020000048        0x1 ./Middlewares/Third_Party/FatFs/src/drivers/sd_diskio.o
 *fill*         0x0000000020000049        0x3 
 .data._impure_ptr
                0x000000002000004c        0x4 c:/st/stm32cubeide_1.9.0/stm32cubeide/plugins/com.st.stm32cube.ide.mcu.externaltools.gnu-tools-for-stm32.10.3-2021.10.win32_1.0.0.202111181127/tools/bin/../lib/gcc/arm-none-eabi/10.3.1/../../../../arm-none-eabi/lib/thumb/v7-m/nofp\libc_nano.a(lib_a-impure.o)
                0x000000002000004c                _impure_ptr
 .data.impure_data
                0x0000000020000050       0x60 c:/st/stm32cubeide_1.9.0/stm32cubeide/plugins/com.st.stm32cube.ide.mcu.externaltools.gnu-tools-for-stm32.10.3-2021.10.win32_1.0.0.202111181127/tools/bin/../lib/gcc/arm-none-eabi/10.3.1/../../../../arm-none-eabi/lib/thumb/v7-m/nofp\libc_nano.a(lib_a-impure.o)
 *(.RamFunc)
 *(.RamFunc*)
                0x00000000200000b0                . = ALIGN (0x4)
                0x00000000200000b0                _edata = .

.igot.plt       0x00000000200000b0        0x0 load address 0x0000000008008c50
 .igot.plt      0x00000000200000b0        0x0 c:/st/stm32cubeide_1.9.0/stm32cubeide/plugins/com.st.stm32cube.ide.mcu.externaltools.gnu-tools-for-stm32.10.3-2021.10.win32_1.0.0.202111181127/tools/bin/../lib/gcc/arm-none-eabi/10.3.1/thumb/v7-m/nofp/crtbegin.o
                0x00000000200000b0                . = ALIGN (0x4)

.bss            0x00000000200000b0     0xc5a0 load address 0x0000000008008c50
                0x00000000200000b0                _sbss = .
                0x00000000200000b0                __bss_start__ = _sbss
 *(.bss)
 .bss           0x00000000200000b0       0x1c c:/st/stm32cubeide_1.9.0/stm32cubeide/plugins/com.st.stm32cube.ide.mcu.externaltools.gnu-tools-for-stm32.10.3-2021.10.win32_1.0.0.202111181127/tools/bin/../lib/gcc/arm-none-eabi/10.3.1/thumb/v7-m/nofp/crtbegin.o
 *(.bss*)
 .bss.hadc2     0x00000000200000cc       0x30 ./Core/Src/main.o
                0x00000000200000cc                hadc2
 .bss.hdma_spi2_tx
                0x00000000200000fc       0x44 ./Core/Src/main.o
                0x00000000200000fc                hdma_spi2_tx
 .bss.hi2s2     0x0000000020000140       0x3c ./Core/Src/main.o
                0x0000000020000140                hi2s2
 .bss.hsd       0x000000002000017c       0x84 ./Core/Src/main.o
                0x000000002000017c                hsd
 .bss.hsram1    0x0000000020000200       0x48 ./Core/Src/main.o
                0x0000000020000200                hsram1
 .bss.htim1     0x0000000020000248       0xb4 ./Core/Src/main.o
                0x0000000020000248                htim1
 .bss.htim2     0x00000000200002fc       0xb4 ./Core/Src/main.o
                0x00000000200002fc                htim2
 .bss.kay       0x00000000200003b0        0x4 ./Core/Src/main.o
                0x00000000200003b0                kay
 .bss.pStr      0x00000000200003b4        0x4 ./Core/Src/main.o
                0x00000000200003b4                pStr
 .bss.playPCMFlag
                0x00000000200003b8        0x1 ./Core/Src/main.o
                0x00000000200003b8                playPCMFlag
 *fill*         0x00000000200003b9        0x3 
 .bss.file      0x00000000200003bc      0x22c ./Core/Src/pcm.o
                0x00000000200003bc                file
 .bss.fillBufFlag
                0x00000000200005e8        0x1 ./Core/Src/pcm.o
                0x00000000200005e8                fillBufFlag
 .bss.fillingBuffer
                0x00000000200005e9        0x1 ./Core/Src/pcm.o
                0x00000000200005e9                fillingBuffer
 *fill*         0x00000000200005ea        0x2 
 .bss.inBuffer  0x00000000200005ec        0x4 ./Core/Src/pcm.o
                0x00000000200005ec                inBuffer
 .bss.nextSongFlag
                0x00000000200005f0        0x1 ./Core/Src/pcm.o
                0x00000000200005f0                nextSongFlag
 *fill*         0x00000000200005f1        0x3 
 .bss.pcmBr     0x00000000200005f4        0x4 ./Core/Src/pcm.o
                0x00000000200005f4                pcmBr
 .bss.pcmBuffer
                0x00000000200005f8     0x8000 ./Core/Src/pcm.o
                0x00000000200005f8                pcmBuffer
 .bss.pcmBufferIndex
                0x00000000200085f8        0x2 ./Core/Src/pcm.o
                0x00000000200085f8                pcmBufferIndex
 .bss.playingFlag
                0x00000000200085fa        0x1 ./Core/Src/pcm.o
                0x00000000200085fa                playingFlag
 .bss.res       0x00000000200085fb        0x1 ./Core/Src/pcm.o
                0x00000000200085fb                res
 .bss.sine_table
                0x00000000200085fc     0x4000 ./Core/Src/pcm.o
                0x00000000200085fc                sine_table
 .bss.FSMC_Initialized
                0x000000002000c5fc        0x4 ./Core/Src/stm32f1xx_hal_msp.o
 .bss.__sbrk_heap_end
                0x000000002000c600        0x4 ./Core/Src/sysmem.o
 .bss.ucXPT2046_TouchFlag
                0x000000002000c604        0x1 ./Core/Src/xpt2046.o
                0x000000002000c604                ucXPT2046_TouchFlag
 *fill*         0x000000002000c605        0x3 
 .bss.uwTick    0x000000002000c608        0x4 ./Drivers/STM32F1xx_HAL_Driver/Src/stm32f1xx_hal.o
                0x000000002000c608                uwTick
 .bss.SDPath    0x000000002000c60c        0x4 ./FATFS/App/fatfs.o
                0x000000002000c60c                SDPath
 .bss.retSD     0x000000002000c610        0x1 ./FATFS/App/fatfs.o
                0x000000002000c610                retSD
 *fill*         0x000000002000c611        0x3 
 .bss.FatFs     0x000000002000c614        0x4 ./Middlewares/Third_Party/FatFs/src/ff.o
 .bss.Files     0x000000002000c618       0x18 ./Middlewares/Third_Party/FatFs/src/ff.o
 .bss.Fsid      0x000000002000c630        0x2 ./Middlewares/Third_Party/FatFs/src/ff.o
 *fill*         0x000000002000c632        0x2 
 .bss.disk      0x000000002000c634        0xc ./Middlewares/Third_Party/FatFs/src/ff_gen_drv.o
                0x000000002000c634                disk
 .bss.__malloc_free_list
                0x000000002000c640        0x4 c:/st/stm32cubeide_1.9.0/stm32cubeide/plugins/com.st.stm32cube.ide.mcu.externaltools.gnu-tools-for-stm32.10.3-2021.10.win32_1.0.0.202111181127/tools/bin/../lib/gcc/arm-none-eabi/10.3.1/../../../../arm-none-eabi/lib/thumb/v7-m/nofp\libc_nano.a(lib_a-nano-mallocr.o)
                0x000000002000c640                __malloc_free_list
 .bss.__malloc_sbrk_start
                0x000000002000c644        0x4 c:/st/stm32cubeide_1.9.0/stm32cubeide/plugins/com.st.stm32cube.ide.mcu.externaltools.gnu-tools-for-stm32.10.3-2021.10.win32_1.0.0.202111181127/tools/bin/../lib/gcc/arm-none-eabi/10.3.1/../../../../arm-none-eabi/lib/thumb/v7-m/nofp\libc_nano.a(lib_a-nano-mallocr.o)
                0x000000002000c644                __malloc_sbrk_start
 .bss.__lock___malloc_recursive_mutex
                0x000000002000c648        0x1 c:/st/stm32cubeide_1.9.0/stm32cubeide/plugins/com.st.stm32cube.ide.mcu.externaltools.gnu-tools-for-stm32.10.3-2021.10.win32_1.0.0.202111181127/tools/bin/../lib/gcc/arm-none-eabi/10.3.1/../../../../arm-none-eabi/lib/thumb/v7-m/nofp\libc_nano.a(lib_a-lock.o)
                0x000000002000c648                __lock___malloc_recursive_mutex
 *fill*         0x000000002000c649        0x3 
 .bss.errno     0x000000002000c64c        0x4 c:/st/stm32cubeide_1.9.0/stm32cubeide/plugins/com.st.stm32cube.ide.mcu.externaltools.gnu-tools-for-stm32.10.3-2021.10.win32_1.0.0.202111181127/tools/bin/../lib/gcc/arm-none-eabi/10.3.1/../../../../arm-none-eabi/lib/thumb/v7-m/nofp\libc_nano.a(lib_a-reent.o)
                0x000000002000c64c                errno
 *(COMMON)
                0x000000002000c650                . = ALIGN (0x4)
                0x000000002000c650                _ebss = .
                0x000000002000c650                __bss_end__ = _ebss

._user_heap_stack
                0x000000002000c650      0x600 load address 0x0000000008008c50
                0x000000002000c650                . = ALIGN (0x8)
                [!provide]                        PROVIDE (end = .)
                0x000000002000c650                PROVIDE (_end = .)
                0x000000002000c850                . = (. + _Min_Heap_Size)
 *fill*         0x000000002000c650      0x200 
                0x000000002000cc50                . = (. + _Min_Stack_Size)
 *fill*         0x000000002000c850      0x400 
                0x000000002000cc50                . = ALIGN (0x8)

/DISCARD/
 libc.a(*)
 libm.a(*)
 libgcc.a(*)

.ARM.attributes
                0x0000000000000000       0x29
 *(.ARM.attributes)
 .ARM.attributes
                0x0000000000000000       0x1d c:/st/stm32cubeide_1.9.0/stm32cubeide/plugins/com.st.stm32cube.ide.mcu.externaltools.gnu-tools-for-stm32.10.3-2021.10.win32_1.0.0.202111181127/tools/bin/../lib/gcc/arm-none-eabi/10.3.1/thumb/v7-m/nofp/crti.o
 .ARM.attributes
                0x000000000000001d       0x2d c:/st/stm32cubeide_1.9.0/stm32cubeide/plugins/com.st.stm32cube.ide.mcu.externaltools.gnu-tools-for-stm32.10.3-2021.10.win32_1.0.0.202111181127/tools/bin/../lib/gcc/arm-none-eabi/10.3.1/thumb/v7-m/nofp/crtbegin.o
 .ARM.attributes
                0x000000000000004a       0x2d ./Core/Src/files.o
 .ARM.attributes
                0x0000000000000077       0x2d ./Core/Src/lcdtp.o
 .ARM.attributes
                0x00000000000000a4       0x2d ./Core/Src/main.o
 .ARM.attributes
                0x00000000000000d1       0x2d ./Core/Src/pcm.o
 .ARM.attributes
                0x00000000000000fe       0x2d ./Core/Src/stm32f1xx_hal_msp.o
 .ARM.attributes
                0x000000000000012b       0x2d ./Core/Src/stm32f1xx_it.o
 .ARM.attributes
                0x0000000000000158       0x2d ./Core/Src/sysmem.o
 .ARM.attributes
                0x0000000000000185       0x2d ./Core/Src/system_stm32f1xx.o
 .ARM.attributes
                0x00000000000001b2       0x2d ./Core/Src/xpt2046.o
 .ARM.attributes
                0x00000000000001df       0x21 ./Core/Startup/startup_stm32f103vetx.o
 .ARM.attributes
                0x0000000000000200       0x2d ./Drivers/STM32F1xx_HAL_Driver/Src/stm32f1xx_hal.o
 .ARM.attributes
                0x000000000000022d       0x2d ./Drivers/STM32F1xx_HAL_Driver/Src/stm32f1xx_hal_adc.o
 .ARM.attributes
                0x000000000000025a       0x2d ./Drivers/STM32F1xx_HAL_Driver/Src/stm32f1xx_hal_adc_ex.o
 .ARM.attributes
                0x0000000000000287       0x2d ./Drivers/STM32F1xx_HAL_Driver/Src/stm32f1xx_hal_cortex.o
 .ARM.attributes
                0x00000000000002b4       0x2d ./Drivers/STM32F1xx_HAL_Driver/Src/stm32f1xx_hal_dma.o
 .ARM.attributes
                0x00000000000002e1       0x2d ./Drivers/STM32F1xx_HAL_Driver/Src/stm32f1xx_hal_gpio.o
 .ARM.attributes
                0x000000000000030e       0x2d ./Drivers/STM32F1xx_HAL_Driver/Src/stm32f1xx_hal_i2s.o
 .ARM.attributes
                0x000000000000033b       0x2d ./Drivers/STM32F1xx_HAL_Driver/Src/stm32f1xx_hal_rcc.o
 .ARM.attributes
                0x0000000000000368       0x2d ./Drivers/STM32F1xx_HAL_Driver/Src/stm32f1xx_hal_rcc_ex.o
 .ARM.attributes
                0x0000000000000395       0x2d ./Drivers/STM32F1xx_HAL_Driver/Src/stm32f1xx_hal_sd.o
 .ARM.attributes
                0x00000000000003c2       0x2d ./Drivers/STM32F1xx_HAL_Driver/Src/stm32f1xx_hal_sram.o
 .ARM.attributes
                0x00000000000003ef       0x2d ./Drivers/STM32F1xx_HAL_Driver/Src/stm32f1xx_hal_tim.o
 .ARM.attributes
                0x000000000000041c       0x2d ./Drivers/STM32F1xx_HAL_Driver/Src/stm32f1xx_hal_tim_ex.o
 .ARM.attributes
                0x0000000000000449       0x2d ./Drivers/STM32F1xx_HAL_Driver/Src/stm32f1xx_ll_fsmc.o
 .ARM.attributes
                0x0000000000000476       0x2d ./Drivers/STM32F1xx_HAL_Driver/Src/stm32f1xx_ll_sdmmc.o
 .ARM.attributes
                0x00000000000004a3       0x2d ./FATFS/App/fatfs.o
 .ARM.attributes
                0x00000000000004d0       0x2d ./FATFS/Target/bsp_driver_sd.o
 .ARM.attributes
                0x00000000000004fd       0x2d ./Middlewares/Third_Party/FatFs/src/diskio.o
 .ARM.attributes
                0x000000000000052a       0x2d ./Middlewares/Third_Party/FatFs/src/ff.o
 .ARM.attributes
                0x0000000000000557       0x2d ./Middlewares/Third_Party/FatFs/src/ff_gen_drv.o
 .ARM.attributes
                0x0000000000000584       0x2d ./Middlewares/Third_Party/FatFs/src/drivers/sd_diskio.o
 .ARM.attributes
                0x00000000000005b1       0x2d c:/st/stm32cubeide_1.9.0/stm32cubeide/plugins/com.st.stm32cube.ide.mcu.externaltools.gnu-tools-for-stm32.10.3-2021.10.win32_1.0.0.202111181127/tools/bin/../lib/gcc/arm-none-eabi/10.3.1/../../../../arm-none-eabi/lib/thumb/v7-m/nofp\libc_nano.a(lib_a-errno.o)
 .ARM.attributes
                0x00000000000005de       0x2d c:/st/stm32cubeide_1.9.0/stm32cubeide/plugins/com.st.stm32cube.ide.mcu.externaltools.gnu-tools-for-stm32.10.3-2021.10.win32_1.0.0.202111181127/tools/bin/../lib/gcc/arm-none-eabi/10.3.1/../../../../arm-none-eabi/lib/thumb/v7-m/nofp\libc_nano.a(lib_a-impure.o)
 .ARM.attributes
                0x000000000000060b       0x2d c:/st/stm32cubeide_1.9.0/stm32cubeide/plugins/com.st.stm32cube.ide.mcu.externaltools.gnu-tools-for-stm32.10.3-2021.10.win32_1.0.0.202111181127/tools/bin/../lib/gcc/arm-none-eabi/10.3.1/../../../../arm-none-eabi/lib/thumb/v7-m/nofp\libc_nano.a(lib_a-init.o)
 .ARM.attributes
                0x0000000000000638       0x2d c:/st/stm32cubeide_1.9.0/stm32cubeide/plugins/com.st.stm32cube.ide.mcu.externaltools.gnu-tools-for-stm32.10.3-2021.10.win32_1.0.0.202111181127/tools/bin/../lib/gcc/arm-none-eabi/10.3.1/../../../../arm-none-eabi/lib/thumb/v7-m/nofp\libc_nano.a(lib_a-memcpy-stub.o)
 .ARM.attributes
                0x0000000000000665       0x2d c:/st/stm32cubeide_1.9.0/stm32cubeide/plugins/com.st.stm32cube.ide.mcu.externaltools.gnu-tools-for-stm32.10.3-2021.10.win32_1.0.0.202111181127/tools/bin/../lib/gcc/arm-none-eabi/10.3.1/../../../../arm-none-eabi/lib/thumb/v7-m/nofp\libc_nano.a(lib_a-memmove.o)
 .ARM.attributes
                0x0000000000000692       0x2d c:/st/stm32cubeide_1.9.0/stm32cubeide/plugins/com.st.stm32cube.ide.mcu.externaltools.gnu-tools-for-stm32.10.3-2021.10.win32_1.0.0.202111181127/tools/bin/../lib/gcc/arm-none-eabi/10.3.1/../../../../arm-none-eabi/lib/thumb/v7-m/nofp\libc_nano.a(lib_a-memset.o)
 .ARM.attributes
                0x00000000000006bf       0x2d c:/st/stm32cubeide_1.9.0/stm32cubeide/plugins/com.st.stm32cube.ide.mcu.externaltools.gnu-tools-for-stm32.10.3-2021.10.win32_1.0.0.202111181127/tools/bin/../lib/gcc/arm-none-eabi/10.3.1/../../../../arm-none-eabi/lib/thumb/v7-m/nofp\libc_nano.a(lib_a-nano-freer.o)
 .ARM.attributes
                0x00000000000006ec       0x2d c:/st/stm32cubeide_1.9.0/stm32cubeide/plugins/com.st.stm32cube.ide.mcu.externaltools.gnu-tools-for-stm32.10.3-2021.10.win32_1.0.0.202111181127/tools/bin/../lib/gcc/arm-none-eabi/10.3.1/../../../../arm-none-eabi/lib/thumb/v7-m/nofp\libc_nano.a(lib_a-nano-mallocr.o)
 .ARM.attributes
                0x0000000000000719       0x2d c:/st/stm32cubeide_1.9.0/stm32cubeide/plugins/com.st.stm32cube.ide.mcu.externaltools.gnu-tools-for-stm32.10.3-2021.10.win32_1.0.0.202111181127/tools/bin/../lib/gcc/arm-none-eabi/10.3.1/../../../../arm-none-eabi/lib/thumb/v7-m/nofp\libc_nano.a(lib_a-sbrkr.o)
 .ARM.attributes
                0x0000000000000746       0x2d c:/st/stm32cubeide_1.9.0/stm32cubeide/plugins/com.st.stm32cube.ide.mcu.externaltools.gnu-tools-for-stm32.10.3-2021.10.win32_1.0.0.202111181127/tools/bin/../lib/gcc/arm-none-eabi/10.3.1/../../../../arm-none-eabi/lib/thumb/v7-m/nofp\libc_nano.a(lib_a-sprintf.o)
 .ARM.attributes
                0x0000000000000773       0x2d c:/st/stm32cubeide_1.9.0/stm32cubeide/plugins/com.st.stm32cube.ide.mcu.externaltools.gnu-tools-for-stm32.10.3-2021.10.win32_1.0.0.202111181127/tools/bin/../lib/gcc/arm-none-eabi/10.3.1/../../../../arm-none-eabi/lib/thumb/v7-m/nofp\libc_nano.a(lib_a-strstr.o)
 .ARM.attributes
                0x00000000000007a0       0x2d c:/st/stm32cubeide_1.9.0/stm32cubeide/plugins/com.st.stm32cube.ide.mcu.externaltools.gnu-tools-for-stm32.10.3-2021.10.win32_1.0.0.202111181127/tools/bin/../lib/gcc/arm-none-eabi/10.3.1/../../../../arm-none-eabi/lib/thumb/v7-m/nofp\libc_nano.a(lib_a-findfp.o)
 .ARM.attributes
                0x00000000000007cd       0x2d c:/st/stm32cubeide_1.9.0/stm32cubeide/plugins/com.st.stm32cube.ide.mcu.externaltools.gnu-tools-for-stm32.10.3-2021.10.win32_1.0.0.202111181127/tools/bin/../lib/gcc/arm-none-eabi/10.3.1/../../../../arm-none-eabi/lib/thumb/v7-m/nofp\libc_nano.a(lib_a-lock.o)
 .ARM.attributes
                0x00000000000007fa       0x2d c:/st/stm32cubeide_1.9.0/stm32cubeide/plugins/com.st.stm32cube.ide.mcu.externaltools.gnu-tools-for-stm32.10.3-2021.10.win32_1.0.0.202111181127/tools/bin/../lib/gcc/arm-none-eabi/10.3.1/../../../../arm-none-eabi/lib/thumb/v7-m/nofp\libc_nano.a(lib_a-mlock.o)
 .ARM.attributes
                0x0000000000000827       0x2d c:/st/stm32cubeide_1.9.0/stm32cubeide/plugins/com.st.stm32cube.ide.mcu.externaltools.gnu-tools-for-stm32.10.3-2021.10.win32_1.0.0.202111181127/tools/bin/../lib/gcc/arm-none-eabi/10.3.1/../../../../arm-none-eabi/lib/thumb/v7-m/nofp\libc_nano.a(lib_a-nano-svfprintf.o)
 .ARM.attributes
                0x0000000000000854       0x2d c:/st/stm32cubeide_1.9.0/stm32cubeide/plugins/com.st.stm32cube.ide.mcu.externaltools.gnu-tools-for-stm32.10.3-2021.10.win32_1.0.0.202111181127/tools/bin/../lib/gcc/arm-none-eabi/10.3.1/../../../../arm-none-eabi/lib/thumb/v7-m/nofp\libc_nano.a(lib_a-nano-vfprintf_i.o)
 .ARM.attributes
                0x0000000000000881       0x2d c:/st/stm32cubeide_1.9.0/stm32cubeide/plugins/com.st.stm32cube.ide.mcu.externaltools.gnu-tools-for-stm32.10.3-2021.10.win32_1.0.0.202111181127/tools/bin/../lib/gcc/arm-none-eabi/10.3.1/../../../../arm-none-eabi/lib/thumb/v7-m/nofp\libc_nano.a(lib_a-reent.o)
 .ARM.attributes
                0x00000000000008ae       0x2d c:/st/stm32cubeide_1.9.0/stm32cubeide/plugins/com.st.stm32cube.ide.mcu.externaltools.gnu-tools-for-stm32.10.3-2021.10.win32_1.0.0.202111181127/tools/bin/../lib/gcc/arm-none-eabi/10.3.1/../../../../arm-none-eabi/lib/thumb/v7-m/nofp\libc_nano.a(lib_a-memchr-stub.o)
 .ARM.attributes
                0x00000000000008db       0x2d c:/st/stm32cubeide_1.9.0/stm32cubeide/plugins/com.st.stm32cube.ide.mcu.externaltools.gnu-tools-for-stm32.10.3-2021.10.win32_1.0.0.202111181127/tools/bin/../lib/gcc/arm-none-eabi/10.3.1/../../../../arm-none-eabi/lib/thumb/v7-m/nofp\libc_nano.a(lib_a-nano-reallocr.o)
 .ARM.attributes
                0x0000000000000908       0x2d c:/st/stm32cubeide_1.9.0/stm32cubeide/plugins/com.st.stm32cube.ide.mcu.externaltools.gnu-tools-for-stm32.10.3-2021.10.win32_1.0.0.202111181127/tools/bin/../lib/gcc/arm-none-eabi/10.3.1/../../../../arm-none-eabi/lib/thumb/v7-m/nofp\libc_nano.a(lib_a-nano-msizer.o)
 .ARM.attributes
                0x0000000000000935       0x2d c:/st/stm32cubeide_1.9.0/stm32cubeide/plugins/com.st.stm32cube.ide.mcu.externaltools.gnu-tools-for-stm32.10.3-2021.10.win32_1.0.0.202111181127/tools/bin/../lib/gcc/arm-none-eabi/10.3.1/../../../../arm-none-eabi/lib/thumb/v7-m/nofp\libm.a(lib_a-s_sin.o)
 .ARM.attributes
                0x0000000000000962       0x2d c:/st/stm32cubeide_1.9.0/stm32cubeide/plugins/com.st.stm32cube.ide.mcu.externaltools.gnu-tools-for-stm32.10.3-2021.10.win32_1.0.0.202111181127/tools/bin/../lib/gcc/arm-none-eabi/10.3.1/../../../../arm-none-eabi/lib/thumb/v7-m/nofp\libm.a(lib_a-e_rem_pio2.o)
 .ARM.attributes
                0x000000000000098f       0x2d c:/st/stm32cubeide_1.9.0/stm32cubeide/plugins/com.st.stm32cube.ide.mcu.externaltools.gnu-tools-for-stm32.10.3-2021.10.win32_1.0.0.202111181127/tools/bin/../lib/gcc/arm-none-eabi/10.3.1/../../../../arm-none-eabi/lib/thumb/v7-m/nofp\libm.a(lib_a-k_cos.o)
 .ARM.attributes